ARM GAS  C:\Users\kaush\AppData\Local\Temp\ccKE0NiC.s 			page 1


   1              		.cpu cortex-m4
   2              		.arch armv7e-m
   3              		.fpu softvfp
   4              		.eabi_attribute 20, 1
   5              		.eabi_attribute 21, 1
   6              		.eabi_attribute 23, 3
   7              		.eabi_attribute 24, 1
   8              		.eabi_attribute 25, 1
   9              		.eabi_attribute 26, 1
  10              		.eabi_attribute 30, 2
  11              		.eabi_attribute 34, 1
  12              		.eabi_attribute 18, 4
  13              		.file	"syscalls.c"
  14              		.text
  15              	.Ltext0:
  16              		.cfi_sections	.debug_frame
  17              		.file 1 "Core/Src/syscalls.c"
  18              		.section	.text.initialise_monitor_handles,"ax",%progbits
  19              		.align	1
  20              		.p2align 2,,3
  21              		.global	initialise_monitor_handles
  22              		.syntax unified
  23              		.thumb
  24              		.thumb_func
  26              	initialise_monitor_handles:
  27              	.LFB25:
   1:Core/Src/syscalls.c **** /**
   2:Core/Src/syscalls.c ****  ******************************************************************************
   3:Core/Src/syscalls.c ****  * @file      syscalls.c
   4:Core/Src/syscalls.c ****  * @author    Auto-generated by STM32CubeMX
   5:Core/Src/syscalls.c ****  * @brief     Minimal System calls file
   6:Core/Src/syscalls.c ****  *
   7:Core/Src/syscalls.c ****  *            For more information about which c-functions
   8:Core/Src/syscalls.c ****  *            need which of these lowlevel functions
   9:Core/Src/syscalls.c ****  *            please consult the Newlib or Picolibc libc-manual
  10:Core/Src/syscalls.c ****  ******************************************************************************
  11:Core/Src/syscalls.c ****  * @attention
  12:Core/Src/syscalls.c ****  *
  13:Core/Src/syscalls.c ****  * Copyright (c) 2020-2025 STMicroelectronics.
  14:Core/Src/syscalls.c ****  * All rights reserved.
  15:Core/Src/syscalls.c ****  *
  16:Core/Src/syscalls.c ****  * This software is licensed under terms that can be found in the LICENSE file
  17:Core/Src/syscalls.c ****  * in the root directory of this software component.
  18:Core/Src/syscalls.c ****  * If no LICENSE file comes with this software, it is provided AS-IS.
  19:Core/Src/syscalls.c ****  *
  20:Core/Src/syscalls.c ****  ******************************************************************************
  21:Core/Src/syscalls.c ****  */
  22:Core/Src/syscalls.c **** 
  23:Core/Src/syscalls.c **** /* Includes */
  24:Core/Src/syscalls.c **** #include <sys/stat.h>
  25:Core/Src/syscalls.c **** #include <stdlib.h>
  26:Core/Src/syscalls.c **** #include <errno.h>
  27:Core/Src/syscalls.c **** #include <stdio.h>
  28:Core/Src/syscalls.c **** #include <signal.h>
  29:Core/Src/syscalls.c **** #include <time.h>
  30:Core/Src/syscalls.c **** #include <sys/time.h>
  31:Core/Src/syscalls.c **** #include <sys/times.h>
ARM GAS  C:\Users\kaush\AppData\Local\Temp\ccKE0NiC.s 			page 2


  32:Core/Src/syscalls.c **** 
  33:Core/Src/syscalls.c **** 
  34:Core/Src/syscalls.c **** /* Variables */
  35:Core/Src/syscalls.c **** extern int __io_putchar(int ch) __attribute__((weak));
  36:Core/Src/syscalls.c **** extern int __io_getchar(void) __attribute__((weak));
  37:Core/Src/syscalls.c **** 
  38:Core/Src/syscalls.c **** 
  39:Core/Src/syscalls.c **** char *__env[1] = { 0 };
  40:Core/Src/syscalls.c **** char **environ = __env;
  41:Core/Src/syscalls.c **** 
  42:Core/Src/syscalls.c **** 
  43:Core/Src/syscalls.c **** /* Functions */
  44:Core/Src/syscalls.c **** void initialise_monitor_handles()
  45:Core/Src/syscalls.c **** {
  28              		.loc 1 45 1 view -0
  29              		.cfi_startproc
  30              		@ args = 0, pretend = 0, frame = 0
  31              		@ frame_needed = 0, uses_anonymous_args = 0
  32              		@ link register save eliminated.
  46:Core/Src/syscalls.c **** }
  33              		.loc 1 46 1 view .LVU1
  34 0000 7047     		bx	lr
  35              		.cfi_endproc
  36              	.LFE25:
  38 0002 00BF     		.section	.text._getpid,"ax",%progbits
  39              		.align	1
  40              		.p2align 2,,3
  41              		.global	_getpid
  42              		.syntax unified
  43              		.thumb
  44              		.thumb_func
  46              	_getpid:
  47              	.LFB26:
  47:Core/Src/syscalls.c **** 
  48:Core/Src/syscalls.c **** int _getpid(void)
  49:Core/Src/syscalls.c **** {
  48              		.loc 1 49 1 view -0
  49              		.cfi_startproc
  50              		@ args = 0, pretend = 0, frame = 0
  51              		@ frame_needed = 0, uses_anonymous_args = 0
  52              		@ link register save eliminated.
  50:Core/Src/syscalls.c ****   return 1;
  53              		.loc 1 50 3 view .LVU3
  51:Core/Src/syscalls.c **** }
  54              		.loc 1 51 1 is_stmt 0 view .LVU4
  55 0000 0120     		movs	r0, #1
  56 0002 7047     		bx	lr
  57              		.cfi_endproc
  58              	.LFE26:
  60              		.section	.text._kill,"ax",%progbits
  61              		.align	1
  62              		.p2align 2,,3
  63              		.global	_kill
  64              		.syntax unified
  65              		.thumb
  66              		.thumb_func
  68              	_kill:
ARM GAS  C:\Users\kaush\AppData\Local\Temp\ccKE0NiC.s 			page 3


  69              	.LVL0:
  70              	.LFB27:
  52:Core/Src/syscalls.c **** 
  53:Core/Src/syscalls.c **** int _kill(int pid, int sig)
  54:Core/Src/syscalls.c **** {
  71              		.loc 1 54 1 is_stmt 1 view -0
  72              		.cfi_startproc
  73              		@ args = 0, pretend = 0, frame = 0
  74              		@ frame_needed = 0, uses_anonymous_args = 0
  55:Core/Src/syscalls.c ****   (void)pid;
  75              		.loc 1 55 3 view .LVU6
  56:Core/Src/syscalls.c ****   (void)sig;
  76              		.loc 1 56 3 view .LVU7
  57:Core/Src/syscalls.c ****   errno = EINVAL;
  77              		.loc 1 57 3 view .LVU8
  54:Core/Src/syscalls.c ****   (void)pid;
  78              		.loc 1 54 1 is_stmt 0 view .LVU9
  79 0000 08B5     		push	{r3, lr}
  80              	.LCFI0:
  81              		.cfi_def_cfa_offset 8
  82              		.cfi_offset 3, -8
  83              		.cfi_offset 14, -4
  84              		.loc 1 57 3 view .LVU10
  85 0002 FFF7FEFF 		bl	__errno
  86              	.LVL1:
  87              		.loc 1 57 9 discriminator 1 view .LVU11
  88 0006 1623     		movs	r3, #22
  89 0008 0360     		str	r3, [r0]
  58:Core/Src/syscalls.c ****   return -1;
  90              		.loc 1 58 3 is_stmt 1 view .LVU12
  59:Core/Src/syscalls.c **** }
  91              		.loc 1 59 1 is_stmt 0 view .LVU13
  92 000a 4FF0FF30 		mov	r0, #-1
  93 000e 08BD     		pop	{r3, pc}
  94              		.cfi_endproc
  95              	.LFE27:
  97              		.section	.text._exit,"ax",%progbits
  98              		.align	1
  99              		.p2align 2,,3
 100              		.global	_exit
 101              		.syntax unified
 102              		.thumb
 103              		.thumb_func
 105              	_exit:
 106              	.LVL2:
 107              	.LFB28:
  60:Core/Src/syscalls.c **** 
  61:Core/Src/syscalls.c **** void _exit (int status)
  62:Core/Src/syscalls.c **** {
 108              		.loc 1 62 1 is_stmt 1 view -0
 109              		.cfi_startproc
 110              		@ Volatile: function does not return.
 111              		@ args = 0, pretend = 0, frame = 0
 112              		@ frame_needed = 0, uses_anonymous_args = 0
  63:Core/Src/syscalls.c ****   _kill(status, -1);
 113              		.loc 1 63 3 view .LVU15
 114              	.LBB4:
ARM GAS  C:\Users\kaush\AppData\Local\Temp\ccKE0NiC.s 			page 4


 115              	.LBI4:
  53:Core/Src/syscalls.c **** {
 116              		.loc 1 53 5 view .LVU16
 117              	.LBB5:
  55:Core/Src/syscalls.c ****   (void)sig;
 118              		.loc 1 55 3 view .LVU17
  56:Core/Src/syscalls.c ****   errno = EINVAL;
 119              		.loc 1 56 3 view .LVU18
  57:Core/Src/syscalls.c ****   return -1;
 120              		.loc 1 57 3 view .LVU19
 121              	.LBE5:
 122              	.LBE4:
  62:Core/Src/syscalls.c ****   _kill(status, -1);
 123              		.loc 1 62 1 is_stmt 0 view .LVU20
 124 0000 08B5     		push	{r3, lr}
 125              	.LCFI1:
 126              		.cfi_def_cfa_offset 8
 127              		.cfi_offset 3, -8
 128              		.cfi_offset 14, -4
 129              	.LBB7:
 130              	.LBB6:
  57:Core/Src/syscalls.c ****   return -1;
 131              		.loc 1 57 3 view .LVU21
 132 0002 FFF7FEFF 		bl	__errno
 133              	.LVL3:
  57:Core/Src/syscalls.c ****   return -1;
 134              		.loc 1 57 9 discriminator 1 view .LVU22
 135 0006 1623     		movs	r3, #22
 136 0008 0360     		str	r3, [r0]
  58:Core/Src/syscalls.c **** }
 137              		.loc 1 58 3 is_stmt 1 view .LVU23
 138              	.LVL4:
 139              	.L7:
  58:Core/Src/syscalls.c **** }
 140              		.loc 1 58 3 is_stmt 0 view .LVU24
 141              	.LBE6:
 142              	.LBE7:
  64:Core/Src/syscalls.c ****   while (1) {}    /* Make sure we hang here */
 143              		.loc 1 64 3 is_stmt 1 view .LVU25
 144              		.loc 1 64 14 view .LVU26
 145              		.loc 1 64 9 view .LVU27
 146              		.loc 1 64 3 view .LVU28
 147              		.loc 1 64 14 view .LVU29
 148              		.loc 1 64 9 view .LVU30
 149 000a FEE7     		b	.L7
 150              		.cfi_endproc
 151              	.LFE28:
 153              		.section	.text._read,"ax",%progbits
 154              		.align	1
 155              		.p2align 2,,3
 156              		.weak	_read
 157              		.syntax unified
 158              		.thumb
 159              		.thumb_func
 161              	_read:
 162              	.LVL5:
 163              	.LFB29:
ARM GAS  C:\Users\kaush\AppData\Local\Temp\ccKE0NiC.s 			page 5


  65:Core/Src/syscalls.c **** }
  66:Core/Src/syscalls.c **** 
  67:Core/Src/syscalls.c **** __attribute__((weak)) int _read(int file, char *ptr, int len)
  68:Core/Src/syscalls.c **** {
 164              		.loc 1 68 1 view -0
 165              		.cfi_startproc
 166              		@ args = 0, pretend = 0, frame = 0
 167              		@ frame_needed = 0, uses_anonymous_args = 0
  69:Core/Src/syscalls.c ****   (void)file;
 168              		.loc 1 69 3 view .LVU32
  70:Core/Src/syscalls.c ****   int DataIdx;
 169              		.loc 1 70 3 view .LVU33
  71:Core/Src/syscalls.c **** 
  72:Core/Src/syscalls.c ****   for (DataIdx = 0; DataIdx < len; DataIdx++)
 170              		.loc 1 72 3 view .LVU34
 171              		.loc 1 72 29 discriminator 1 view .LVU35
  68:Core/Src/syscalls.c ****   (void)file;
 172              		.loc 1 68 1 is_stmt 0 view .LVU36
 173 0000 70B5     		push	{r4, r5, r6, lr}
 174              	.LCFI2:
 175              		.cfi_def_cfa_offset 16
 176              		.cfi_offset 4, -16
 177              		.cfi_offset 5, -12
 178              		.cfi_offset 6, -8
 179              		.cfi_offset 14, -4
 180              		.loc 1 72 29 discriminator 1 view .LVU37
 181 0002 161E     		subs	r6, r2, #0
 182 0004 07DD     		ble	.L10
 183 0006 0C46     		mov	r4, r1
 184 0008 8D19     		adds	r5, r1, r6
 185              	.LVL6:
 186              	.L11:
  73:Core/Src/syscalls.c ****   {
  74:Core/Src/syscalls.c ****     *ptr++ = __io_getchar();
 187              		.loc 1 74 5 is_stmt 1 view .LVU38
 188              		.loc 1 74 14 is_stmt 0 view .LVU39
 189 000a FFF7FEFF 		bl	__io_getchar
 190              	.LVL7:
 191              		.loc 1 74 12 discriminator 1 view .LVU40
 192 000e 04F8010B 		strb	r0, [r4], #1
 193              	.LVL8:
  72:Core/Src/syscalls.c ****   {
 194              		.loc 1 72 43 is_stmt 1 discriminator 3 view .LVU41
  72:Core/Src/syscalls.c ****   {
 195              		.loc 1 72 29 discriminator 1 view .LVU42
 196 0012 A542     		cmp	r5, r4
 197 0014 F9D1     		bne	.L11
 198              	.LVL9:
 199              	.L10:
  75:Core/Src/syscalls.c ****   }
  76:Core/Src/syscalls.c **** 
  77:Core/Src/syscalls.c ****   return len;
 200              		.loc 1 77 3 view .LVU43
  78:Core/Src/syscalls.c **** }
 201              		.loc 1 78 1 is_stmt 0 view .LVU44
 202 0016 3046     		mov	r0, r6
 203 0018 70BD     		pop	{r4, r5, r6, pc}
ARM GAS  C:\Users\kaush\AppData\Local\Temp\ccKE0NiC.s 			page 6


 204              		.loc 1 78 1 view .LVU45
 205              		.cfi_endproc
 206              	.LFE29:
 208 001a 00BF     		.section	.text._write,"ax",%progbits
 209              		.align	1
 210              		.p2align 2,,3
 211              		.weak	_write
 212              		.syntax unified
 213              		.thumb
 214              		.thumb_func
 216              	_write:
 217              	.LVL10:
 218              	.LFB30:
  79:Core/Src/syscalls.c **** 
  80:Core/Src/syscalls.c **** __attribute__((weak)) int _write(int file, char *ptr, int len)
  81:Core/Src/syscalls.c **** {
 219              		.loc 1 81 1 is_stmt 1 view -0
 220              		.cfi_startproc
 221              		@ args = 0, pretend = 0, frame = 0
 222              		@ frame_needed = 0, uses_anonymous_args = 0
  82:Core/Src/syscalls.c ****   (void)file;
 223              		.loc 1 82 3 view .LVU47
  83:Core/Src/syscalls.c ****   int DataIdx;
 224              		.loc 1 83 3 view .LVU48
  84:Core/Src/syscalls.c **** 
  85:Core/Src/syscalls.c ****   for (DataIdx = 0; DataIdx < len; DataIdx++)
 225              		.loc 1 85 3 view .LVU49
 226              		.loc 1 85 29 discriminator 1 view .LVU50
  81:Core/Src/syscalls.c ****   (void)file;
 227              		.loc 1 81 1 is_stmt 0 view .LVU51
 228 0000 70B5     		push	{r4, r5, r6, lr}
 229              	.LCFI3:
 230              		.cfi_def_cfa_offset 16
 231              		.cfi_offset 4, -16
 232              		.cfi_offset 5, -12
 233              		.cfi_offset 6, -8
 234              		.cfi_offset 14, -4
 235              		.loc 1 85 29 discriminator 1 view .LVU52
 236 0002 161E     		subs	r6, r2, #0
 237 0004 07DD     		ble	.L15
 238 0006 0C46     		mov	r4, r1
 239 0008 8D19     		adds	r5, r1, r6
 240              	.LVL11:
 241              	.L16:
  86:Core/Src/syscalls.c ****   {
  87:Core/Src/syscalls.c ****     __io_putchar(*ptr++);
 242              		.loc 1 87 5 is_stmt 1 view .LVU53
 243              		.loc 1 87 5 is_stmt 0 view .LVU54
 244 000a 14F8010B 		ldrb	r0, [r4], #1	@ zero_extendqisi2
 245              	.LVL12:
 246              		.loc 1 87 5 view .LVU55
 247 000e FFF7FEFF 		bl	__io_putchar
 248              	.LVL13:
  85:Core/Src/syscalls.c ****   {
 249              		.loc 1 85 43 is_stmt 1 discriminator 3 view .LVU56
  85:Core/Src/syscalls.c ****   {
 250              		.loc 1 85 29 discriminator 1 view .LVU57
ARM GAS  C:\Users\kaush\AppData\Local\Temp\ccKE0NiC.s 			page 7


 251 0012 A542     		cmp	r5, r4
 252 0014 F9D1     		bne	.L16
 253              	.LVL14:
 254              	.L15:
  88:Core/Src/syscalls.c ****   }
  89:Core/Src/syscalls.c ****   return len;
 255              		.loc 1 89 3 view .LVU58
  90:Core/Src/syscalls.c **** }
 256              		.loc 1 90 1 is_stmt 0 view .LVU59
 257 0016 3046     		mov	r0, r6
 258 0018 70BD     		pop	{r4, r5, r6, pc}
 259              		.loc 1 90 1 view .LVU60
 260              		.cfi_endproc
 261              	.LFE30:
 263 001a 00BF     		.section	.text._close,"ax",%progbits
 264              		.align	1
 265              		.p2align 2,,3
 266              		.global	_close
 267              		.syntax unified
 268              		.thumb
 269              		.thumb_func
 271              	_close:
 272              	.LVL15:
 273              	.LFB31:
  91:Core/Src/syscalls.c **** 
  92:Core/Src/syscalls.c **** int _close(int file)
  93:Core/Src/syscalls.c **** {
 274              		.loc 1 93 1 is_stmt 1 view -0
 275              		.cfi_startproc
 276              		@ args = 0, pretend = 0, frame = 0
 277              		@ frame_needed = 0, uses_anonymous_args = 0
 278              		@ link register save eliminated.
  94:Core/Src/syscalls.c ****   (void)file;
 279              		.loc 1 94 3 view .LVU62
  95:Core/Src/syscalls.c ****   return -1;
 280              		.loc 1 95 3 view .LVU63
  96:Core/Src/syscalls.c **** }
 281              		.loc 1 96 1 is_stmt 0 view .LVU64
 282 0000 4FF0FF30 		mov	r0, #-1
 283              	.LVL16:
 284              		.loc 1 96 1 view .LVU65
 285 0004 7047     		bx	lr
 286              		.cfi_endproc
 287              	.LFE31:
 289 0006 00BF     		.section	.text._fstat,"ax",%progbits
 290              		.align	1
 291              		.p2align 2,,3
 292              		.global	_fstat
 293              		.syntax unified
 294              		.thumb
 295              		.thumb_func
 297              	_fstat:
 298              	.LVL17:
 299              	.LFB32:
  97:Core/Src/syscalls.c **** 
  98:Core/Src/syscalls.c **** 
  99:Core/Src/syscalls.c **** int _fstat(int file, struct stat *st)
ARM GAS  C:\Users\kaush\AppData\Local\Temp\ccKE0NiC.s 			page 8


 100:Core/Src/syscalls.c **** {
 300              		.loc 1 100 1 is_stmt 1 view -0
 301              		.cfi_startproc
 302              		@ args = 0, pretend = 0, frame = 0
 303              		@ frame_needed = 0, uses_anonymous_args = 0
 304              		@ link register save eliminated.
 101:Core/Src/syscalls.c ****   (void)file;
 305              		.loc 1 101 3 view .LVU67
 102:Core/Src/syscalls.c ****   st->st_mode = S_IFCHR;
 306              		.loc 1 102 3 view .LVU68
 307              		.loc 1 102 15 is_stmt 0 view .LVU69
 308 0000 4FF40053 		mov	r3, #8192
 309 0004 4B60     		str	r3, [r1, #4]
 103:Core/Src/syscalls.c ****   return 0;
 310              		.loc 1 103 3 is_stmt 1 view .LVU70
 104:Core/Src/syscalls.c **** }
 311              		.loc 1 104 1 is_stmt 0 view .LVU71
 312 0006 0020     		movs	r0, #0
 313              	.LVL18:
 314              		.loc 1 104 1 view .LVU72
 315 0008 7047     		bx	lr
 316              		.cfi_endproc
 317              	.LFE32:
 319 000a 00BF     		.section	.text._isatty,"ax",%progbits
 320              		.align	1
 321              		.p2align 2,,3
 322              		.global	_isatty
 323              		.syntax unified
 324              		.thumb
 325              		.thumb_func
 327              	_isatty:
 328              	.LVL19:
 329              	.LFB33:
 105:Core/Src/syscalls.c **** 
 106:Core/Src/syscalls.c **** int _isatty(int file)
 107:Core/Src/syscalls.c **** {
 330              		.loc 1 107 1 is_stmt 1 view -0
 331              		.cfi_startproc
 332              		@ args = 0, pretend = 0, frame = 0
 333              		@ frame_needed = 0, uses_anonymous_args = 0
 334              		@ link register save eliminated.
 108:Core/Src/syscalls.c ****   (void)file;
 335              		.loc 1 108 3 view .LVU74
 109:Core/Src/syscalls.c ****   return 1;
 336              		.loc 1 109 3 view .LVU75
 110:Core/Src/syscalls.c **** }
 337              		.loc 1 110 1 is_stmt 0 view .LVU76
 338 0000 0120     		movs	r0, #1
 339              	.LVL20:
 340              		.loc 1 110 1 view .LVU77
 341 0002 7047     		bx	lr
 342              		.cfi_endproc
 343              	.LFE33:
 345              		.section	.text._lseek,"ax",%progbits
 346              		.align	1
 347              		.p2align 2,,3
 348              		.global	_lseek
ARM GAS  C:\Users\kaush\AppData\Local\Temp\ccKE0NiC.s 			page 9


 349              		.syntax unified
 350              		.thumb
 351              		.thumb_func
 353              	_lseek:
 354              	.LVL21:
 355              	.LFB34:
 111:Core/Src/syscalls.c **** 
 112:Core/Src/syscalls.c **** int _lseek(int file, int ptr, int dir)
 113:Core/Src/syscalls.c **** {
 356              		.loc 1 113 1 is_stmt 1 view -0
 357              		.cfi_startproc
 358              		@ args = 0, pretend = 0, frame = 0
 359              		@ frame_needed = 0, uses_anonymous_args = 0
 360              		@ link register save eliminated.
 114:Core/Src/syscalls.c ****   (void)file;
 361              		.loc 1 114 3 view .LVU79
 115:Core/Src/syscalls.c ****   (void)ptr;
 362              		.loc 1 115 3 view .LVU80
 116:Core/Src/syscalls.c ****   (void)dir;
 363              		.loc 1 116 3 view .LVU81
 117:Core/Src/syscalls.c ****   return 0;
 364              		.loc 1 117 3 view .LVU82
 118:Core/Src/syscalls.c **** }
 365              		.loc 1 118 1 is_stmt 0 view .LVU83
 366 0000 0020     		movs	r0, #0
 367              	.LVL22:
 368              		.loc 1 118 1 view .LVU84
 369 0002 7047     		bx	lr
 370              		.cfi_endproc
 371              	.LFE34:
 373              		.section	.text._open,"ax",%progbits
 374              		.align	1
 375              		.p2align 2,,3
 376              		.global	_open
 377              		.syntax unified
 378              		.thumb
 379              		.thumb_func
 381              	_open:
 382              	.LVL23:
 383              	.LFB35:
 119:Core/Src/syscalls.c **** 
 120:Core/Src/syscalls.c **** int _open(char *path, int flags, ...)
 121:Core/Src/syscalls.c **** {
 384              		.loc 1 121 1 is_stmt 1 view -0
 385              		.cfi_startproc
 386              		@ args = 4, pretend = 12, frame = 0
 387              		@ frame_needed = 0, uses_anonymous_args = 1
 388              		@ link register save eliminated.
 122:Core/Src/syscalls.c ****   (void)path;
 389              		.loc 1 122 3 view .LVU86
 123:Core/Src/syscalls.c ****   (void)flags;
 390              		.loc 1 123 3 view .LVU87
 124:Core/Src/syscalls.c ****   /* Pretend like we always fail */
 125:Core/Src/syscalls.c ****   return -1;
 391              		.loc 1 125 3 view .LVU88
 121:Core/Src/syscalls.c ****   (void)path;
 392              		.loc 1 121 1 is_stmt 0 view .LVU89
ARM GAS  C:\Users\kaush\AppData\Local\Temp\ccKE0NiC.s 			page 10


 393 0000 0EB4     		push	{r1, r2, r3}
 394              	.LCFI4:
 395              		.cfi_def_cfa_offset 12
 396              		.cfi_offset 1, -12
 397              		.cfi_offset 2, -8
 398              		.cfi_offset 3, -4
 126:Core/Src/syscalls.c **** }
 399              		.loc 1 126 1 view .LVU90
 400 0002 4FF0FF30 		mov	r0, #-1
 401              	.LVL24:
 402              		.loc 1 126 1 view .LVU91
 403 0006 03B0     		add	sp, sp, #12
 404              	.LCFI5:
 405              		.cfi_restore 3
 406              		.cfi_restore 2
 407              		.cfi_restore 1
 408              		.cfi_def_cfa_offset 0
 409 0008 7047     		bx	lr
 410              		.cfi_endproc
 411              	.LFE35:
 413 000a 00BF     		.section	.text._wait,"ax",%progbits
 414              		.align	1
 415              		.p2align 2,,3
 416              		.global	_wait
 417              		.syntax unified
 418              		.thumb
 419              		.thumb_func
 421              	_wait:
 422              	.LVL25:
 423              	.LFB36:
 127:Core/Src/syscalls.c **** 
 128:Core/Src/syscalls.c **** int _wait(int *status)
 129:Core/Src/syscalls.c **** {
 424              		.loc 1 129 1 is_stmt 1 view -0
 425              		.cfi_startproc
 426              		@ args = 0, pretend = 0, frame = 0
 427              		@ frame_needed = 0, uses_anonymous_args = 0
 130:Core/Src/syscalls.c ****   (void)status;
 428              		.loc 1 130 3 view .LVU93
 131:Core/Src/syscalls.c ****   errno = ECHILD;
 429              		.loc 1 131 3 view .LVU94
 129:Core/Src/syscalls.c ****   (void)status;
 430              		.loc 1 129 1 is_stmt 0 view .LVU95
 431 0000 08B5     		push	{r3, lr}
 432              	.LCFI6:
 433              		.cfi_def_cfa_offset 8
 434              		.cfi_offset 3, -8
 435              		.cfi_offset 14, -4
 436              		.loc 1 131 3 view .LVU96
 437 0002 FFF7FEFF 		bl	__errno
 438              	.LVL26:
 439              		.loc 1 131 9 discriminator 1 view .LVU97
 440 0006 0A23     		movs	r3, #10
 441 0008 0360     		str	r3, [r0]
 132:Core/Src/syscalls.c ****   return -1;
 442              		.loc 1 132 3 is_stmt 1 view .LVU98
 133:Core/Src/syscalls.c **** }
ARM GAS  C:\Users\kaush\AppData\Local\Temp\ccKE0NiC.s 			page 11


 443              		.loc 1 133 1 is_stmt 0 view .LVU99
 444 000a 4FF0FF30 		mov	r0, #-1
 445 000e 08BD     		pop	{r3, pc}
 446              		.cfi_endproc
 447              	.LFE36:
 449              		.section	.text._unlink,"ax",%progbits
 450              		.align	1
 451              		.p2align 2,,3
 452              		.global	_unlink
 453              		.syntax unified
 454              		.thumb
 455              		.thumb_func
 457              	_unlink:
 458              	.LVL27:
 459              	.LFB37:
 134:Core/Src/syscalls.c **** 
 135:Core/Src/syscalls.c **** int _unlink(char *name)
 136:Core/Src/syscalls.c **** {
 460              		.loc 1 136 1 is_stmt 1 view -0
 461              		.cfi_startproc
 462              		@ args = 0, pretend = 0, frame = 0
 463              		@ frame_needed = 0, uses_anonymous_args = 0
 137:Core/Src/syscalls.c ****   (void)name;
 464              		.loc 1 137 3 view .LVU101
 138:Core/Src/syscalls.c ****   errno = ENOENT;
 465              		.loc 1 138 3 view .LVU102
 136:Core/Src/syscalls.c ****   (void)name;
 466              		.loc 1 136 1 is_stmt 0 view .LVU103
 467 0000 08B5     		push	{r3, lr}
 468              	.LCFI7:
 469              		.cfi_def_cfa_offset 8
 470              		.cfi_offset 3, -8
 471              		.cfi_offset 14, -4
 472              		.loc 1 138 3 view .LVU104
 473 0002 FFF7FEFF 		bl	__errno
 474              	.LVL28:
 475              		.loc 1 138 9 discriminator 1 view .LVU105
 476 0006 0223     		movs	r3, #2
 477 0008 0360     		str	r3, [r0]
 139:Core/Src/syscalls.c ****   return -1;
 478              		.loc 1 139 3 is_stmt 1 view .LVU106
 140:Core/Src/syscalls.c **** }
 479              		.loc 1 140 1 is_stmt 0 view .LVU107
 480 000a 4FF0FF30 		mov	r0, #-1
 481 000e 08BD     		pop	{r3, pc}
 482              		.cfi_endproc
 483              	.LFE37:
 485              		.section	.text._times,"ax",%progbits
 486              		.align	1
 487              		.p2align 2,,3
 488              		.global	_times
 489              		.syntax unified
 490              		.thumb
 491              		.thumb_func
 493              	_times:
 494              	.LVL29:
 495              	.LFB38:
ARM GAS  C:\Users\kaush\AppData\Local\Temp\ccKE0NiC.s 			page 12


 141:Core/Src/syscalls.c **** 
 142:Core/Src/syscalls.c **** clock_t _times(struct tms *buf)
 143:Core/Src/syscalls.c **** {
 496              		.loc 1 143 1 is_stmt 1 view -0
 497              		.cfi_startproc
 498              		@ args = 0, pretend = 0, frame = 0
 499              		@ frame_needed = 0, uses_anonymous_args = 0
 500              		@ link register save eliminated.
 144:Core/Src/syscalls.c ****   (void)buf;
 501              		.loc 1 144 3 view .LVU109
 145:Core/Src/syscalls.c ****   return -1;
 502              		.loc 1 145 3 view .LVU110
 146:Core/Src/syscalls.c **** }
 503              		.loc 1 146 1 is_stmt 0 view .LVU111
 504 0000 4FF0FF30 		mov	r0, #-1
 505              	.LVL30:
 506              		.loc 1 146 1 view .LVU112
 507 0004 7047     		bx	lr
 508              		.cfi_endproc
 509              	.LFE38:
 511 0006 00BF     		.section	.text._stat,"ax",%progbits
 512              		.align	1
 513              		.p2align 2,,3
 514              		.global	_stat
 515              		.syntax unified
 516              		.thumb
 517              		.thumb_func
 519              	_stat:
 520              	.LVL31:
 521              	.LFB39:
 147:Core/Src/syscalls.c **** 
 148:Core/Src/syscalls.c **** int _stat(const char *file, struct stat *st)
 149:Core/Src/syscalls.c **** {
 522              		.loc 1 149 1 is_stmt 1 view -0
 523              		.cfi_startproc
 524              		@ args = 0, pretend = 0, frame = 0
 525              		@ frame_needed = 0, uses_anonymous_args = 0
 526              		@ link register save eliminated.
 150:Core/Src/syscalls.c ****   (void)file;
 527              		.loc 1 150 3 view .LVU114
 151:Core/Src/syscalls.c ****   st->st_mode = S_IFCHR;
 528              		.loc 1 151 3 view .LVU115
 529              		.loc 1 151 15 is_stmt 0 view .LVU116
 530 0000 4FF40053 		mov	r3, #8192
 531 0004 4B60     		str	r3, [r1, #4]
 152:Core/Src/syscalls.c ****   return 0;
 532              		.loc 1 152 3 is_stmt 1 view .LVU117
 153:Core/Src/syscalls.c **** }
 533              		.loc 1 153 1 is_stmt 0 view .LVU118
 534 0006 0020     		movs	r0, #0
 535              	.LVL32:
 536              		.loc 1 153 1 view .LVU119
 537 0008 7047     		bx	lr
 538              		.cfi_endproc
 539              	.LFE39:
 541 000a 00BF     		.section	.text._link,"ax",%progbits
 542              		.align	1
ARM GAS  C:\Users\kaush\AppData\Local\Temp\ccKE0NiC.s 			page 13


 543              		.p2align 2,,3
 544              		.global	_link
 545              		.syntax unified
 546              		.thumb
 547              		.thumb_func
 549              	_link:
 550              	.LVL33:
 551              	.LFB40:
 154:Core/Src/syscalls.c **** 
 155:Core/Src/syscalls.c **** int _link(char *old, char *new)
 156:Core/Src/syscalls.c **** {
 552              		.loc 1 156 1 is_stmt 1 view -0
 553              		.cfi_startproc
 554              		@ args = 0, pretend = 0, frame = 0
 555              		@ frame_needed = 0, uses_anonymous_args = 0
 157:Core/Src/syscalls.c ****   (void)old;
 556              		.loc 1 157 3 view .LVU121
 158:Core/Src/syscalls.c ****   (void)new;
 557              		.loc 1 158 3 view .LVU122
 159:Core/Src/syscalls.c ****   errno = EMLINK;
 558              		.loc 1 159 3 view .LVU123
 156:Core/Src/syscalls.c ****   (void)old;
 559              		.loc 1 156 1 is_stmt 0 view .LVU124
 560 0000 08B5     		push	{r3, lr}
 561              	.LCFI8:
 562              		.cfi_def_cfa_offset 8
 563              		.cfi_offset 3, -8
 564              		.cfi_offset 14, -4
 565              		.loc 1 159 3 view .LVU125
 566 0002 FFF7FEFF 		bl	__errno
 567              	.LVL34:
 568              		.loc 1 159 9 discriminator 1 view .LVU126
 569 0006 1F23     		movs	r3, #31
 570 0008 0360     		str	r3, [r0]
 160:Core/Src/syscalls.c ****   return -1;
 571              		.loc 1 160 3 is_stmt 1 view .LVU127
 161:Core/Src/syscalls.c **** }
 572              		.loc 1 161 1 is_stmt 0 view .LVU128
 573 000a 4FF0FF30 		mov	r0, #-1
 574 000e 08BD     		pop	{r3, pc}
 575              		.cfi_endproc
 576              	.LFE40:
 578              		.section	.text._fork,"ax",%progbits
 579              		.align	1
 580              		.p2align 2,,3
 581              		.global	_fork
 582              		.syntax unified
 583              		.thumb
 584              		.thumb_func
 586              	_fork:
 587              	.LFB41:
 162:Core/Src/syscalls.c **** 
 163:Core/Src/syscalls.c **** int _fork(void)
 164:Core/Src/syscalls.c **** {
 588              		.loc 1 164 1 is_stmt 1 view -0
 589              		.cfi_startproc
 590              		@ args = 0, pretend = 0, frame = 0
ARM GAS  C:\Users\kaush\AppData\Local\Temp\ccKE0NiC.s 			page 14


 591              		@ frame_needed = 0, uses_anonymous_args = 0
 165:Core/Src/syscalls.c ****   errno = EAGAIN;
 592              		.loc 1 165 3 view .LVU130
 164:Core/Src/syscalls.c ****   errno = EAGAIN;
 593              		.loc 1 164 1 is_stmt 0 view .LVU131
 594 0000 08B5     		push	{r3, lr}
 595              	.LCFI9:
 596              		.cfi_def_cfa_offset 8
 597              		.cfi_offset 3, -8
 598              		.cfi_offset 14, -4
 599              		.loc 1 165 3 view .LVU132
 600 0002 FFF7FEFF 		bl	__errno
 601              	.LVL35:
 602              		.loc 1 165 9 discriminator 1 view .LVU133
 603 0006 0B23     		movs	r3, #11
 604 0008 0360     		str	r3, [r0]
 166:Core/Src/syscalls.c ****   return -1;
 605              		.loc 1 166 3 is_stmt 1 view .LVU134
 167:Core/Src/syscalls.c **** }
 606              		.loc 1 167 1 is_stmt 0 view .LVU135
 607 000a 4FF0FF30 		mov	r0, #-1
 608 000e 08BD     		pop	{r3, pc}
 609              		.cfi_endproc
 610              	.LFE41:
 612              		.section	.text._execve,"ax",%progbits
 613              		.align	1
 614              		.p2align 2,,3
 615              		.global	_execve
 616              		.syntax unified
 617              		.thumb
 618              		.thumb_func
 620              	_execve:
 621              	.LVL36:
 622              	.LFB42:
 168:Core/Src/syscalls.c **** 
 169:Core/Src/syscalls.c **** int _execve(char *name, char **argv, char **env)
 170:Core/Src/syscalls.c **** {
 623              		.loc 1 170 1 is_stmt 1 view -0
 624              		.cfi_startproc
 625              		@ args = 0, pretend = 0, frame = 0
 626              		@ frame_needed = 0, uses_anonymous_args = 0
 171:Core/Src/syscalls.c ****   (void)name;
 627              		.loc 1 171 3 view .LVU137
 172:Core/Src/syscalls.c ****   (void)argv;
 628              		.loc 1 172 3 view .LVU138
 173:Core/Src/syscalls.c ****   (void)env;
 629              		.loc 1 173 3 view .LVU139
 174:Core/Src/syscalls.c ****   errno = ENOMEM;
 630              		.loc 1 174 3 view .LVU140
 170:Core/Src/syscalls.c ****   (void)name;
 631              		.loc 1 170 1 is_stmt 0 view .LVU141
 632 0000 08B5     		push	{r3, lr}
 633              	.LCFI10:
 634              		.cfi_def_cfa_offset 8
 635              		.cfi_offset 3, -8
 636              		.cfi_offset 14, -4
 637              		.loc 1 174 3 view .LVU142
ARM GAS  C:\Users\kaush\AppData\Local\Temp\ccKE0NiC.s 			page 15


 638 0002 FFF7FEFF 		bl	__errno
 639              	.LVL37:
 640              		.loc 1 174 9 discriminator 1 view .LVU143
 641 0006 0C23     		movs	r3, #12
 642 0008 0360     		str	r3, [r0]
 175:Core/Src/syscalls.c ****   return -1;
 643              		.loc 1 175 3 is_stmt 1 view .LVU144
 176:Core/Src/syscalls.c **** }
 644              		.loc 1 176 1 is_stmt 0 view .LVU145
 645 000a 4FF0FF30 		mov	r0, #-1
 646 000e 08BD     		pop	{r3, pc}
 647              		.cfi_endproc
 648              	.LFE42:
 650              		.global	environ
 651              		.section	.data.environ,"aw"
 652              		.align	2
 655              	environ:
 656 0000 00000000 		.word	__env
 657              		.global	__env
 658              		.section	.bss.__env,"aw",%nobits
 659              		.align	2
 662              	__env:
 663 0000 00000000 		.space	4
 664              		.weak	__io_putchar
 665              		.weak	__io_getchar
 666              		.text
 667              	.Letext0:
 668              		.file 2 "C:\\Users\\kaush\\STM32CubeIDE_1.19.0\\STM32CubeIDE\\plugins\\com.st.stm32cube.ide.mcu.ex
 669              		.file 3 "C:\\Users\\kaush\\STM32CubeIDE_1.19.0\\STM32CubeIDE\\plugins\\com.st.stm32cube.ide.mcu.ex
 670              		.file 4 "C:\\Users\\kaush\\STM32CubeIDE_1.19.0\\STM32CubeIDE\\plugins\\com.st.stm32cube.ide.mcu.ex
 671              		.file 5 "C:\\Users\\kaush\\STM32CubeIDE_1.19.0\\STM32CubeIDE\\plugins\\com.st.stm32cube.ide.mcu.ex
 672              		.file 6 "C:\\Users\\kaush\\STM32CubeIDE_1.19.0\\STM32CubeIDE\\plugins\\com.st.stm32cube.ide.mcu.ex
 673              		.file 7 "C:\\Users\\kaush\\STM32CubeIDE_1.19.0\\STM32CubeIDE\\plugins\\com.st.stm32cube.ide.mcu.ex
 674              		.file 8 "C:\\Users\\kaush\\STM32CubeIDE_1.19.0\\STM32CubeIDE\\plugins\\com.st.stm32cube.ide.mcu.ex
 675              		.file 9 "C:\\Users\\kaush\\STM32CubeIDE_1.19.0\\STM32CubeIDE\\plugins\\com.st.stm32cube.ide.mcu.ex
ARM GAS  C:\Users\kaush\AppData\Local\Temp\ccKE0NiC.s 			page 16


DEFINED SYMBOLS
                            *ABS*:00000000 syscalls.c
C:\Users\kaush\AppData\Local\Temp\ccKE0NiC.s:19     .text.initialise_monitor_handles:00000000 $t
C:\Users\kaush\AppData\Local\Temp\ccKE0NiC.s:26     .text.initialise_monitor_handles:00000000 initialise_monitor_handles
C:\Users\kaush\AppData\Local\Temp\ccKE0NiC.s:39     .text._getpid:00000000 $t
C:\Users\kaush\AppData\Local\Temp\ccKE0NiC.s:46     .text._getpid:00000000 _getpid
C:\Users\kaush\AppData\Local\Temp\ccKE0NiC.s:61     .text._kill:00000000 $t
C:\Users\kaush\AppData\Local\Temp\ccKE0NiC.s:68     .text._kill:00000000 _kill
C:\Users\kaush\AppData\Local\Temp\ccKE0NiC.s:98     .text._exit:00000000 $t
C:\Users\kaush\AppData\Local\Temp\ccKE0NiC.s:105    .text._exit:00000000 _exit
C:\Users\kaush\AppData\Local\Temp\ccKE0NiC.s:154    .text._read:00000000 $t
C:\Users\kaush\AppData\Local\Temp\ccKE0NiC.s:161    .text._read:00000000 _read
C:\Users\kaush\AppData\Local\Temp\ccKE0NiC.s:209    .text._write:00000000 $t
C:\Users\kaush\AppData\Local\Temp\ccKE0NiC.s:216    .text._write:00000000 _write
C:\Users\kaush\AppData\Local\Temp\ccKE0NiC.s:264    .text._close:00000000 $t
C:\Users\kaush\AppData\Local\Temp\ccKE0NiC.s:271    .text._close:00000000 _close
C:\Users\kaush\AppData\Local\Temp\ccKE0NiC.s:290    .text._fstat:00000000 $t
C:\Users\kaush\AppData\Local\Temp\ccKE0NiC.s:297    .text._fstat:00000000 _fstat
C:\Users\kaush\AppData\Local\Temp\ccKE0NiC.s:320    .text._isatty:00000000 $t
C:\Users\kaush\AppData\Local\Temp\ccKE0NiC.s:327    .text._isatty:00000000 _isatty
C:\Users\kaush\AppData\Local\Temp\ccKE0NiC.s:346    .text._lseek:00000000 $t
C:\Users\kaush\AppData\Local\Temp\ccKE0NiC.s:353    .text._lseek:00000000 _lseek
C:\Users\kaush\AppData\Local\Temp\ccKE0NiC.s:374    .text._open:00000000 $t
C:\Users\kaush\AppData\Local\Temp\ccKE0NiC.s:381    .text._open:00000000 _open
C:\Users\kaush\AppData\Local\Temp\ccKE0NiC.s:414    .text._wait:00000000 $t
C:\Users\kaush\AppData\Local\Temp\ccKE0NiC.s:421    .text._wait:00000000 _wait
C:\Users\kaush\AppData\Local\Temp\ccKE0NiC.s:450    .text._unlink:00000000 $t
C:\Users\kaush\AppData\Local\Temp\ccKE0NiC.s:457    .text._unlink:00000000 _unlink
C:\Users\kaush\AppData\Local\Temp\ccKE0NiC.s:486    .text._times:00000000 $t
C:\Users\kaush\AppData\Local\Temp\ccKE0NiC.s:493    .text._times:00000000 _times
C:\Users\kaush\AppData\Local\Temp\ccKE0NiC.s:512    .text._stat:00000000 $t
C:\Users\kaush\AppData\Local\Temp\ccKE0NiC.s:519    .text._stat:00000000 _stat
C:\Users\kaush\AppData\Local\Temp\ccKE0NiC.s:542    .text._link:00000000 $t
C:\Users\kaush\AppData\Local\Temp\ccKE0NiC.s:549    .text._link:00000000 _link
C:\Users\kaush\AppData\Local\Temp\ccKE0NiC.s:579    .text._fork:00000000 $t
C:\Users\kaush\AppData\Local\Temp\ccKE0NiC.s:586    .text._fork:00000000 _fork
C:\Users\kaush\AppData\Local\Temp\ccKE0NiC.s:613    .text._execve:00000000 $t
C:\Users\kaush\AppData\Local\Temp\ccKE0NiC.s:620    .text._execve:00000000 _execve
C:\Users\kaush\AppData\Local\Temp\ccKE0NiC.s:655    .data.environ:00000000 environ
C:\Users\kaush\AppData\Local\Temp\ccKE0NiC.s:652    .data.environ:00000000 $d
C:\Users\kaush\AppData\Local\Temp\ccKE0NiC.s:662    .bss.__env:00000000 __env
C:\Users\kaush\AppData\Local\Temp\ccKE0NiC.s:659    .bss.__env:00000000 $d

UNDEFINED SYMBOLS
__errno
__io_getchar
__io_putchar
