ARM GAS  C:\Users\kaush\AppData\Local\Temp\ccuwzKUl.s 			page 1


   1              		.cpu cortex-m4
   2              		.arch armv7e-m
   3              		.fpu softvfp
   4              		.eabi_attribute 20, 1
   5              		.eabi_attribute 21, 1
   6              		.eabi_attribute 23, 3
   7              		.eabi_attribute 24, 1
   8              		.eabi_attribute 25, 1
   9              		.eabi_attribute 26, 1
  10              		.eabi_attribute 30, 2
  11              		.eabi_attribute 34, 1
  12              		.eabi_attribute 18, 4
  13              		.file	"sysmem.c"
  14              		.text
  15              	.Ltext0:
  16              		.cfi_sections	.debug_frame
  17              		.file 1 "Core/Src/sysmem.c"
  18              		.section	.text._sbrk,"ax",%progbits
  19              		.align	1
  20              		.p2align 2,,3
  21              		.global	_sbrk
  22              		.syntax unified
  23              		.thumb
  24              		.thumb_func
  26              	_sbrk:
  27              	.LVL0:
  28              	.LFB0:
   1:Core/Src/sysmem.c **** /**
   2:Core/Src/sysmem.c ****  ******************************************************************************
   3:Core/Src/sysmem.c ****  * @file      sysmem.c
   4:Core/Src/sysmem.c ****  * @author    Generated by STM32CubeMX
   5:Core/Src/sysmem.c ****  * @brief     System Memory calls file
   6:Core/Src/sysmem.c ****  *
   7:Core/Src/sysmem.c ****  *            For more information about which C functions
   8:Core/Src/sysmem.c ****  *            need which of these lowlevel functions
   9:Core/Src/sysmem.c ****  *            please consult the Newlib or Picolibc libc manual
  10:Core/Src/sysmem.c ****  ******************************************************************************
  11:Core/Src/sysmem.c ****  * @attention
  12:Core/Src/sysmem.c ****  *
  13:Core/Src/sysmem.c ****  * Copyright (c) 2025 STMicroelectronics.
  14:Core/Src/sysmem.c ****  * All rights reserved.
  15:Core/Src/sysmem.c ****  *
  16:Core/Src/sysmem.c ****  * This software is licensed under terms that can be found in the LICENSE file
  17:Core/Src/sysmem.c ****  * in the root directory of this software component.
  18:Core/Src/sysmem.c ****  * If no LICENSE file comes with this software, it is provided AS-IS.
  19:Core/Src/sysmem.c ****  *
  20:Core/Src/sysmem.c ****  ******************************************************************************
  21:Core/Src/sysmem.c ****  */
  22:Core/Src/sysmem.c **** 
  23:Core/Src/sysmem.c **** /* Includes */
  24:Core/Src/sysmem.c **** #include <errno.h>
  25:Core/Src/sysmem.c **** #include <stdint.h>
  26:Core/Src/sysmem.c **** #include <stddef.h>
  27:Core/Src/sysmem.c **** 
  28:Core/Src/sysmem.c **** /**
  29:Core/Src/sysmem.c ****  * Pointer to the current high watermark of the heap usage
  30:Core/Src/sysmem.c ****  */
ARM GAS  C:\Users\kaush\AppData\Local\Temp\ccuwzKUl.s 			page 2


  31:Core/Src/sysmem.c **** static uint8_t *__sbrk_heap_end = NULL;
  32:Core/Src/sysmem.c **** 
  33:Core/Src/sysmem.c **** /**
  34:Core/Src/sysmem.c ****  * @brief _sbrk() allocates memory to the newlib heap and is used by malloc
  35:Core/Src/sysmem.c ****  *        and others from the C library
  36:Core/Src/sysmem.c ****  *
  37:Core/Src/sysmem.c ****  * @verbatim
  38:Core/Src/sysmem.c ****  * ############################################################################
  39:Core/Src/sysmem.c ****  * #  .data  #  .bss  #       newlib heap       #          MSP stack          #
  40:Core/Src/sysmem.c ****  * #         #        #                         # Reserved by _Min_Stack_Size #
  41:Core/Src/sysmem.c ****  * ############################################################################
  42:Core/Src/sysmem.c ****  * ^-- RAM start      ^-- _end                             _estack, RAM end --^
  43:Core/Src/sysmem.c ****  * @endverbatim
  44:Core/Src/sysmem.c ****  *
  45:Core/Src/sysmem.c ****  * This implementation starts allocating at the '_end' linker symbol
  46:Core/Src/sysmem.c ****  * The '_Min_Stack_Size' linker symbol reserves a memory for the MSP stack
  47:Core/Src/sysmem.c ****  * The implementation considers '_estack' linker symbol to be RAM end
  48:Core/Src/sysmem.c ****  * NOTE: If the MSP stack, at any point during execution, grows larger than the
  49:Core/Src/sysmem.c ****  * reserved size, please increase the '_Min_Stack_Size'.
  50:Core/Src/sysmem.c ****  *
  51:Core/Src/sysmem.c ****  * @param incr Memory size
  52:Core/Src/sysmem.c ****  * @return Pointer to allocated memory
  53:Core/Src/sysmem.c ****  */
  54:Core/Src/sysmem.c **** void *_sbrk(ptrdiff_t incr)
  55:Core/Src/sysmem.c **** {
  29              		.loc 1 55 1 view -0
  30              		.cfi_startproc
  31              		@ args = 0, pretend = 0, frame = 0
  32              		@ frame_needed = 0, uses_anonymous_args = 0
  56:Core/Src/sysmem.c ****   extern uint8_t _end; /* Symbol defined in the linker script */
  33              		.loc 1 56 3 view .LVU1
  57:Core/Src/sysmem.c ****   extern uint8_t _estack; /* Symbol defined in the linker script */
  34              		.loc 1 57 3 view .LVU2
  58:Core/Src/sysmem.c ****   extern uint32_t _Min_Stack_Size; /* Symbol defined in the linker script */
  35              		.loc 1 58 3 view .LVU3
  59:Core/Src/sysmem.c ****   const uint32_t stack_limit = (uint32_t)&_estack - (uint32_t)&_Min_Stack_Size;
  36              		.loc 1 59 3 view .LVU4
  60:Core/Src/sysmem.c ****   const uint8_t *max_heap = (uint8_t *)stack_limit;
  37              		.loc 1 60 3 view .LVU5
  61:Core/Src/sysmem.c ****   uint8_t *prev_heap_end;
  62:Core/Src/sysmem.c **** 
  63:Core/Src/sysmem.c ****   /* Initialize heap end at first call */
  64:Core/Src/sysmem.c ****   if (NULL == __sbrk_heap_end)
  38              		.loc 1 64 12 is_stmt 0 view .LVU6
  39 0000 0C49     		ldr	r1, .L9
  59:Core/Src/sysmem.c ****   const uint8_t *max_heap = (uint8_t *)stack_limit;
  40              		.loc 1 59 51 view .LVU7
  41 0002 0D4A     		ldr	r2, .L9+4
  42              		.loc 1 64 12 view .LVU8
  43 0004 0B68     		ldr	r3, [r1]
  55:Core/Src/sysmem.c ****   extern uint8_t _end; /* Symbol defined in the linker script */
  44              		.loc 1 55 1 view .LVU9
  45 0006 10B5     		push	{r4, lr}
  46              	.LCFI0:
  47              		.cfi_def_cfa_offset 8
  48              		.cfi_offset 4, -8
  49              		.cfi_offset 14, -4
ARM GAS  C:\Users\kaush\AppData\Local\Temp\ccuwzKUl.s 			page 3


  59:Core/Src/sysmem.c ****   const uint8_t *max_heap = (uint8_t *)stack_limit;
  50              		.loc 1 59 51 view .LVU10
  51 0008 0C4C     		ldr	r4, .L9+8
  52 000a 121B     		subs	r2, r2, r4
  53              	.LVL1:
  61:Core/Src/sysmem.c ****   uint8_t *prev_heap_end;
  54              		.loc 1 61 3 is_stmt 1 view .LVU11
  55              		.loc 1 64 3 view .LVU12
  56              		.loc 1 64 6 is_stmt 0 view .LVU13
  57 000c 2BB1     		cbz	r3, .L7
  65:Core/Src/sysmem.c ****   {
  66:Core/Src/sysmem.c ****     __sbrk_heap_end = &_end;
  67:Core/Src/sysmem.c ****   }
  68:Core/Src/sysmem.c **** 
  69:Core/Src/sysmem.c ****   /* Protect heap from growing into the reserved MSP stack */
  70:Core/Src/sysmem.c ****   if (__sbrk_heap_end + incr > max_heap)
  58              		.loc 1 70 3 is_stmt 1 view .LVU14
  59              		.loc 1 70 23 is_stmt 0 view .LVU15
  60 000e 1844     		add	r0, r0, r3
  61              	.LVL2:
  62              		.loc 1 70 6 view .LVU16
  63 0010 9042     		cmp	r0, r2
  64 0012 07D8     		bhi	.L8
  65              	.L3:
  71:Core/Src/sysmem.c ****   {
  72:Core/Src/sysmem.c ****     errno = ENOMEM;
  73:Core/Src/sysmem.c ****     return (void *)-1;
  74:Core/Src/sysmem.c ****   }
  75:Core/Src/sysmem.c **** 
  76:Core/Src/sysmem.c ****   prev_heap_end = __sbrk_heap_end;
  66              		.loc 1 76 3 is_stmt 1 view .LVU17
  67              	.LVL3:
  77:Core/Src/sysmem.c ****   __sbrk_heap_end += incr;
  68              		.loc 1 77 3 view .LVU18
  69              		.loc 1 77 19 is_stmt 0 view .LVU19
  70 0014 0860     		str	r0, [r1]
  71              	.LVL4:
  78:Core/Src/sysmem.c **** 
  79:Core/Src/sysmem.c ****   return (void *)prev_heap_end;
  72              		.loc 1 79 3 is_stmt 1 view .LVU20
  80:Core/Src/sysmem.c **** }
  73              		.loc 1 80 1 is_stmt 0 view .LVU21
  74 0016 1846     		mov	r0, r3
  75 0018 10BD     		pop	{r4, pc}
  76              	.LVL5:
  77              	.L7:
  66:Core/Src/sysmem.c ****   }
  78              		.loc 1 66 5 is_stmt 1 view .LVU22
  66:Core/Src/sysmem.c ****   }
  79              		.loc 1 66 21 is_stmt 0 view .LVU23
  80 001a 094B     		ldr	r3, .L9+12
  81 001c 0B60     		str	r3, [r1]
  70:Core/Src/sysmem.c ****   {
  82              		.loc 1 70 3 is_stmt 1 view .LVU24
  70:Core/Src/sysmem.c ****   {
  83              		.loc 1 70 23 is_stmt 0 view .LVU25
  84 001e 1844     		add	r0, r0, r3
ARM GAS  C:\Users\kaush\AppData\Local\Temp\ccuwzKUl.s 			page 4


  85              	.LVL6:
  70:Core/Src/sysmem.c ****   {
  86              		.loc 1 70 6 view .LVU26
  87 0020 9042     		cmp	r0, r2
  88 0022 F7D9     		bls	.L3
  89              	.L8:
  72:Core/Src/sysmem.c ****     return (void *)-1;
  90              		.loc 1 72 5 is_stmt 1 view .LVU27
  91 0024 FFF7FEFF 		bl	__errno
  92              	.LVL7:
  72:Core/Src/sysmem.c ****     return (void *)-1;
  93              		.loc 1 72 11 is_stmt 0 discriminator 1 view .LVU28
  94 0028 0C23     		movs	r3, #12
  95 002a 0360     		str	r3, [r0]
  73:Core/Src/sysmem.c ****   }
  96              		.loc 1 73 5 is_stmt 1 view .LVU29
  73:Core/Src/sysmem.c ****   }
  97              		.loc 1 73 12 is_stmt 0 view .LVU30
  98 002c 4FF0FF33 		mov	r3, #-1
  99              		.loc 1 80 1 view .LVU31
 100 0030 1846     		mov	r0, r3
 101 0032 10BD     		pop	{r4, pc}
 102              	.L10:
 103              		.align	2
 104              	.L9:
 105 0034 00000000 		.word	__sbrk_heap_end
 106 0038 00000000 		.word	_estack
 107 003c 00000000 		.word	_Min_Stack_Size
 108 0040 00000000 		.word	_end
 109              		.cfi_endproc
 110              	.LFE0:
 112              		.section	.bss.__sbrk_heap_end,"aw",%nobits
 113              		.align	2
 116              	__sbrk_heap_end:
 117 0000 00000000 		.space	4
 118              		.text
 119              	.Letext0:
 120              		.file 2 "C:\\Users\\kaush\\STM32CubeIDE_1.19.0\\STM32CubeIDE\\plugins\\com.st.stm32cube.ide.mcu.ex
 121              		.file 3 "C:\\Users\\kaush\\STM32CubeIDE_1.19.0\\STM32CubeIDE\\plugins\\com.st.stm32cube.ide.mcu.ex
 122              		.file 4 "C:\\Users\\kaush\\STM32CubeIDE_1.19.0\\STM32CubeIDE\\plugins\\com.st.stm32cube.ide.mcu.ex
 123              		.file 5 "C:\\Users\\kaush\\STM32CubeIDE_1.19.0\\STM32CubeIDE\\plugins\\com.st.stm32cube.ide.mcu.ex
ARM GAS  C:\Users\kaush\AppData\Local\Temp\ccuwzKUl.s 			page 5


DEFINED SYMBOLS
                            *ABS*:00000000 sysmem.c
C:\Users\kaush\AppData\Local\Temp\ccuwzKUl.s:19     .text._sbrk:00000000 $t
C:\Users\kaush\AppData\Local\Temp\ccuwzKUl.s:26     .text._sbrk:00000000 _sbrk
C:\Users\kaush\AppData\Local\Temp\ccuwzKUl.s:105    .text._sbrk:00000034 $d
C:\Users\kaush\AppData\Local\Temp\ccuwzKUl.s:116    .bss.__sbrk_heap_end:00000000 __sbrk_heap_end
C:\Users\kaush\AppData\Local\Temp\ccuwzKUl.s:113    .bss.__sbrk_heap_end:00000000 $d

UNDEFINED SYMBOLS
__errno
_estack
_Min_Stack_Size
_end
