ARM GAS  C:\Users\Lenovo\AppData\Local\Temp\cc3v0M2K.s 			page 1


   1              		.cpu cortex-m0
   2              		.arch armv6s-m
   3              		.fpu softvfp
   4              		.eabi_attribute 20, 1
   5              		.eabi_attribute 21, 1
   6              		.eabi_attribute 23, 3
   7              		.eabi_attribute 24, 1
   8              		.eabi_attribute 25, 1
   9              		.eabi_attribute 26, 1
  10              		.eabi_attribute 30, 1
  11              		.eabi_attribute 34, 0
  12              		.eabi_attribute 18, 4
  13              		.file	"main.c"
  14              		.text
  15              	.Ltext0:
  16              		.cfi_sections	.debug_frame
  17              		.file 1 "Core/Src/main.c"
  18              		.section	.text.MX_GPIO_Init,"ax",%progbits
  19              		.align	1
  20              		.syntax unified
  21              		.code	16
  22              		.thumb_func
  24              	MX_GPIO_Init:
  25              	.LFB42:
   1:Core/Src/main.c **** /* USER CODE BEGIN Header */
   2:Core/Src/main.c **** /**
   3:Core/Src/main.c ****   ******************************************************************************
   4:Core/Src/main.c ****   * @file           : main.c
   5:Core/Src/main.c ****   * @brief          : Main program body
   6:Core/Src/main.c ****   ******************************************************************************
   7:Core/Src/main.c ****   * @attention
   8:Core/Src/main.c ****   *
   9:Core/Src/main.c ****   * Copyright (c) 2025 STMicroelectronics.
  10:Core/Src/main.c ****   * All rights reserved.
  11:Core/Src/main.c ****   *
  12:Core/Src/main.c ****   * This software is licensed under terms that can be found in the LICENSE file
  13:Core/Src/main.c ****   * in the root directory of this software component.
  14:Core/Src/main.c ****   * If no LICENSE file comes with this software, it is provided AS-IS.
  15:Core/Src/main.c ****   *
  16:Core/Src/main.c ****   ******************************************************************************
  17:Core/Src/main.c ****   */
  18:Core/Src/main.c **** /* USER CODE END Header */
  19:Core/Src/main.c **** /* Includes ------------------------------------------------------------------*/
  20:Core/Src/main.c **** #include "main.h"
  21:Core/Src/main.c **** 
  22:Core/Src/main.c **** 
  23:Core/Src/main.c **** /* Private includes ----------------------------------------------------------*/
  24:Core/Src/main.c **** /* USER CODE BEGIN Includes */
  25:Core/Src/main.c **** #include <stdint.h>
  26:Core/Src/main.c **** #include "stm32f0xx.h"
  27:Core/Src/main.c **** #include <stdbool.h> // Added for preference
  28:Core/Src/main.c **** /* USER CODE END Includes */
  29:Core/Src/main.c **** 
  30:Core/Src/main.c **** /* Private typedef -----------------------------------------------------------*/
  31:Core/Src/main.c **** /* USER CODE BEGIN PTD */
  32:Core/Src/main.c **** 
  33:Core/Src/main.c **** /* USER CODE END PTD */
ARM GAS  C:\Users\Lenovo\AppData\Local\Temp\cc3v0M2K.s 			page 2


  34:Core/Src/main.c **** 
  35:Core/Src/main.c **** /* Private define ------------------------------------------------------------*/
  36:Core/Src/main.c **** /* USER CODE BEGIN PD */
  37:Core/Src/main.c **** 
  38:Core/Src/main.c **** /* USER CODE END PD */
  39:Core/Src/main.c **** 
  40:Core/Src/main.c **** /* Private macro -------------------------------------------------------------*/
  41:Core/Src/main.c **** /* USER CODE BEGIN PM */
  42:Core/Src/main.c **** 
  43:Core/Src/main.c **** /* USER CODE END PM */
  44:Core/Src/main.c **** 
  45:Core/Src/main.c **** /* Private variables ---------------------------------------------------------*/
  46:Core/Src/main.c **** 
  47:Core/Src/main.c **** /* USER CODE BEGIN PV */
  48:Core/Src/main.c **** //TODO: Define variables you think you might need
  49:Core/Src/main.c ****   uint32_t start_time;
  50:Core/Src/main.c ****   uint32_t end_time;
  51:Core/Src/main.c ****   uint32_t execution_time;
  52:Core/Src/main.c ****   uint64_t checksum;
  53:Core/Src/main.c ****   int image_dimension[5] = {128, 160, 192, 224, 256};
  54:Core/Src/main.c ****   int run_Count = 0;
  55:Core/Src/main.c ****   bool state;
  56:Core/Src/main.c ****   int MAX_iter[5] = {100,250,500,750,1000};
  57:Core/Src/main.c ****   int Dimension_val = 0;
  58:Core/Src/main.c ****   int Iter_val = 0;
  59:Core/Src/main.c **** 
  60:Core/Src/main.c **** 
  61:Core/Src/main.c **** // - Performance timing variables (e.g execution time, throughput, pixels per second, clock cycles)
  62:Core/Src/main.c **** 
  63:Core/Src/main.c **** /* USER CODE END PV */
  64:Core/Src/main.c **** 
  65:Core/Src/main.c **** /* Private function prototypes -----------------------------------------------*/
  66:Core/Src/main.c **** void SystemClock_Config(void);
  67:Core/Src/main.c **** static void MX_GPIO_Init(void);
  68:Core/Src/main.c **** /* USER CODE BEGIN PFP */
  69:Core/Src/main.c **** //TODO: Define any function prototypes you might need such as the calculate Mandelbrot function amo
  70:Core/Src/main.c **** uint64_t calculate_mandelbrot_fixed_point_arithmetic(int width, int height, int max_iterations);
  71:Core/Src/main.c **** uint64_t calculate_mandelbrot_double(int width, int height, int max_iterations);
  72:Core/Src/main.c **** /* USER CODE END PFP */
  73:Core/Src/main.c **** 
  74:Core/Src/main.c **** /* Private user code ---------------------------------------------------------*/
  75:Core/Src/main.c **** /* USER CODE BEGIN 0 */
  76:Core/Src/main.c **** 
  77:Core/Src/main.c **** /* USER CODE END 0 */
  78:Core/Src/main.c **** 
  79:Core/Src/main.c **** /**
  80:Core/Src/main.c ****   * @brief  The application entry point.
  81:Core/Src/main.c ****   * @retval int
  82:Core/Src/main.c ****   */
  83:Core/Src/main.c **** int main(void)
  84:Core/Src/main.c **** {
  85:Core/Src/main.c **** 
  86:Core/Src/main.c ****   /* USER CODE BEGIN 1 */
  87:Core/Src/main.c **** 
  88:Core/Src/main.c ****   /* USER CODE END 1 */
  89:Core/Src/main.c **** 
  90:Core/Src/main.c ****   /* MCU Configuration--------------------------------------------------------*/
ARM GAS  C:\Users\Lenovo\AppData\Local\Temp\cc3v0M2K.s 			page 3


  91:Core/Src/main.c **** 
  92:Core/Src/main.c ****   /* Reset of all peripherals, Initializes the Flash interface and the Systick. */
  93:Core/Src/main.c ****   HAL_Init();
  94:Core/Src/main.c **** 
  95:Core/Src/main.c ****   /* USER CODE BEGIN Init */
  96:Core/Src/main.c **** 
  97:Core/Src/main.c ****   /* USER CODE END Init */
  98:Core/Src/main.c **** 
  99:Core/Src/main.c ****   /* Configure the system clock */
 100:Core/Src/main.c ****   SystemClock_Config();
 101:Core/Src/main.c **** 
 102:Core/Src/main.c ****   /* USER CODE BEGIN SysInit */
 103:Core/Src/main.c **** 
 104:Core/Src/main.c ****   /* USER CODE END SysInit */
 105:Core/Src/main.c **** 
 106:Core/Src/main.c ****   /* Initialize all configured peripherals */
 107:Core/Src/main.c ****   MX_GPIO_Init();
 108:Core/Src/main.c ****   /* USER CODE BEGIN 2 */
 109:Core/Src/main.c **** 
 110:Core/Src/main.c ****   /* USER CODE END 2 */
 111:Core/Src/main.c **** 
 112:Core/Src/main.c ****   /* Infinite loop */
 113:Core/Src/main.c ****   /* USER CODE BEGIN WHILE */
 114:Core/Src/main.c ****   while (1)
 115:Core/Src/main.c ****   {
 116:Core/Src/main.c ****     /* USER CODE END WHILE */
 117:Core/Src/main.c **** 
 118:Core/Src/main.c **** //    /* USER CODE BEGIN 3 */
 119:Core/Src/main.c **** //		if (!run_Count) {
 120:Core/Src/main.c **** //			// Added to distinguish between which mode is running
 121:Core/Src/main.c **** //			state = true; //  true implies fixed point arithmetic is in use.
 122:Core/Src/main.c **** //			run_Count = 1;
 123:Core/Src/main.c **** //		}
 124:Core/Src/main.c **** //		for (int j = 0; j < (sizeof(MAX_iter) / sizeof(MAX_iter[0])); j++) {
 125:Core/Src/main.c **** //			for (int i = 0;
 126:Core/Src/main.c **** //					i < (sizeof(image_dimension) / sizeof(image_dimension[0]));
 127:Core/Src/main.c **** //					i++) {
 128:Core/Src/main.c **** //				Iter_val = MAX_iter[j];
 129:Core/Src/main.c **** //				Dimension_val = image_dimension[i];
 130:Core/Src/main.c **** //				HAL_GPIO_WritePin(GPIOB, GPIO_PIN_0, GPIO_PIN_SET); // Turn on LED0 to signify the start of a
 131:Core/Src/main.c **** //				start_time = HAL_GetTick(); //Record start time
 132:Core/Src/main.c **** //				checksum = calculate_mandelbrot_fixed_point_arithmetic(
 133:Core/Src/main.c **** //						image_dimension[i], image_dimension[i], MAX_iter[j]); // Compute Mandelbrot
 134:Core/Src/main.c **** //
 135:Core/Src/main.c **** //				/*Retrieve end time and compute execution time*/
 136:Core/Src/main.c **** //				end_time = HAL_GetTick();
 137:Core/Src/main.c **** //				execution_time = end_time - start_time;
 138:Core/Src/main.c **** //
 139:Core/Src/main.c **** //				HAL_GPIO_WritePin(GPIOB, GPIO_PIN_1, GPIO_PIN_SET); // Turn on LED1 to signify end of computa
 140:Core/Src/main.c **** //				HAL_Delay(1000);
 141:Core/Src/main.c **** //				HAL_GPIO_WritePin(GPIOB, GPIO_PIN_0 | GPIO_PIN_1,
 142:Core/Src/main.c **** //						GPIO_PIN_RESET); // reset LEDS for next cycle
 143:Core/Src/main.c **** //			}
 144:Core/Src/main.c **** //		}
 145:Core/Src/main.c **** //		if (run_Count) {
 146:Core/Src/main.c **** //			// Added to distinguish between which mode is running
 147:Core/Src/main.c **** //			state = false; //False implies double method is in use
ARM GAS  C:\Users\Lenovo\AppData\Local\Temp\cc3v0M2K.s 			page 4


 148:Core/Src/main.c **** //			run_Count = 0;
 149:Core/Src/main.c **** //		}
 150:Core/Src/main.c **** //		for (int j = 0; j < (sizeof(MAX_iter) / sizeof(MAX_iter[0])); j++) {
 151:Core/Src/main.c **** //			for (int i = 0;
 152:Core/Src/main.c **** //					i < (sizeof(image_dimension) / sizeof(image_dimension[0]));
 153:Core/Src/main.c **** //					i++) {
 154:Core/Src/main.c **** //				Iter_val = MAX_iter[j];
 155:Core/Src/main.c **** //				Dimension_val = image_dimension[i];
 156:Core/Src/main.c **** //				HAL_GPIO_WritePin(GPIOB, GPIO_PIN_0, GPIO_PIN_SET); // Turn on LED0 to signify the start of a
 157:Core/Src/main.c **** //				start_time = HAL_GetTick(); //Record start time
 158:Core/Src/main.c **** //				checksum = calculate_mandelbrot_double(image_dimension[i],
 159:Core/Src/main.c **** //						image_dimension[i], MAX_iter[j]); // Compute Mandelbrot
 160:Core/Src/main.c **** //
 161:Core/Src/main.c **** //				/*Retrieve end time and compute execution time*/
 162:Core/Src/main.c **** //				end_time = HAL_GetTick();
 163:Core/Src/main.c **** //				execution_time = end_time - start_time;
 164:Core/Src/main.c **** //
 165:Core/Src/main.c **** //				HAL_GPIO_WritePin(GPIOB, GPIO_PIN_1, GPIO_PIN_SET); // Turn on LED1 to signify end of computa
 166:Core/Src/main.c **** //				HAL_Delay(1000);
 167:Core/Src/main.c **** //				HAL_GPIO_WritePin(GPIOB, GPIO_PIN_0 | GPIO_PIN_1,
 168:Core/Src/main.c **** //						GPIO_PIN_RESET); // reset LEDS for next cycle
 169:Core/Src/main.c **** //			}
 170:Core/Src/main.c **** //		}
 171:Core/Src/main.c **** 		Iter_val = MAX_iter[4];
 172:Core/Src/main.c **** 		Dimension_val = image_dimension[4];
 173:Core/Src/main.c **** 		HAL_GPIO_WritePin(GPIOB, GPIO_PIN_0, GPIO_PIN_SET); // Turn on LED0 to signify the start of a com
 174:Core/Src/main.c **** 		start_time = HAL_GetTick(); //Record start time
 175:Core/Src/main.c **** 		checksum = calculate_mandelbrot_double(image_dimension[4],
 176:Core/Src/main.c **** 				image_dimension[4], MAX_iter[4]); // Compute Mandelbrot
 177:Core/Src/main.c **** 
 178:Core/Src/main.c **** 		/*Retrieve end time and compute execution time*/
 179:Core/Src/main.c **** 		end_time = HAL_GetTick();
 180:Core/Src/main.c **** 		execution_time = end_time - start_time;
 181:Core/Src/main.c **** 
 182:Core/Src/main.c **** 		HAL_GPIO_WritePin(GPIOB, GPIO_PIN_1, GPIO_PIN_SET); // Turn on LED1 to signify end of computation
 183:Core/Src/main.c **** 		HAL_Delay(1000);
 184:Core/Src/main.c **** 		HAL_GPIO_WritePin(GPIOB, GPIO_PIN_0 | GPIO_PIN_1, GPIO_PIN_RESET); // reset LEDS for next cycle
 185:Core/Src/main.c **** 	}
 186:Core/Src/main.c ****   /* USER CODE END 3 */
 187:Core/Src/main.c **** }
 188:Core/Src/main.c **** 
 189:Core/Src/main.c **** /**
 190:Core/Src/main.c ****   * @brief System Clock Configuration
 191:Core/Src/main.c ****   * @retval None
 192:Core/Src/main.c ****   */
 193:Core/Src/main.c **** void SystemClock_Config(void)
 194:Core/Src/main.c **** {
 195:Core/Src/main.c ****   RCC_OscInitTypeDef RCC_OscInitStruct = {0};
 196:Core/Src/main.c ****   RCC_ClkInitTypeDef RCC_ClkInitStruct = {0};
 197:Core/Src/main.c **** 
 198:Core/Src/main.c ****   /** Initializes the RCC Oscillators according to the specified parameters
 199:Core/Src/main.c ****   * in the RCC_OscInitTypeDef structure.
 200:Core/Src/main.c ****   */
 201:Core/Src/main.c ****   RCC_OscInitStruct.OscillatorType = RCC_OSCILLATORTYPE_HSI;
 202:Core/Src/main.c ****   RCC_OscInitStruct.HSIState = RCC_HSI_ON;
 203:Core/Src/main.c ****   RCC_OscInitStruct.HSICalibrationValue = RCC_HSICALIBRATION_DEFAULT;
 204:Core/Src/main.c ****   RCC_OscInitStruct.PLL.PLLState = RCC_PLL_ON;
ARM GAS  C:\Users\Lenovo\AppData\Local\Temp\cc3v0M2K.s 			page 5


 205:Core/Src/main.c ****   RCC_OscInitStruct.PLL.PLLSource = RCC_PLLSOURCE_HSI;
 206:Core/Src/main.c ****   RCC_OscInitStruct.PLL.PLLMUL = RCC_PLL_MUL12;
 207:Core/Src/main.c ****   RCC_OscInitStruct.PLL.PREDIV = RCC_PREDIV_DIV1;
 208:Core/Src/main.c ****   if (HAL_RCC_OscConfig(&RCC_OscInitStruct) != HAL_OK)
 209:Core/Src/main.c ****   {
 210:Core/Src/main.c ****     Error_Handler();
 211:Core/Src/main.c ****   }
 212:Core/Src/main.c **** 
 213:Core/Src/main.c ****   /** Initializes the CPU, AHB and APB buses clocks
 214:Core/Src/main.c ****   */
 215:Core/Src/main.c ****   RCC_ClkInitStruct.ClockType = RCC_CLOCKTYPE_HCLK|RCC_CLOCKTYPE_SYSCLK
 216:Core/Src/main.c ****                               |RCC_CLOCKTYPE_PCLK1;
 217:Core/Src/main.c ****   RCC_ClkInitStruct.SYSCLKSource = RCC_SYSCLKSOURCE_PLLCLK;
 218:Core/Src/main.c ****   RCC_ClkInitStruct.AHBCLKDivider = RCC_SYSCLK_DIV1;
 219:Core/Src/main.c ****   RCC_ClkInitStruct.APB1CLKDivider = RCC_HCLK_DIV1;
 220:Core/Src/main.c **** 
 221:Core/Src/main.c ****   if (HAL_RCC_ClockConfig(&RCC_ClkInitStruct, FLASH_LATENCY_1) != HAL_OK)
 222:Core/Src/main.c ****   {
 223:Core/Src/main.c ****     Error_Handler();
 224:Core/Src/main.c ****   }
 225:Core/Src/main.c **** }
 226:Core/Src/main.c **** 
 227:Core/Src/main.c **** /**
 228:Core/Src/main.c ****   * @brief GPIO Initialization Function
 229:Core/Src/main.c ****   * @param None
 230:Core/Src/main.c ****   * @retval None
 231:Core/Src/main.c ****   */
 232:Core/Src/main.c **** static void MX_GPIO_Init(void)
 233:Core/Src/main.c **** {
  26              		.loc 1 233 1 view -0
  27              		.cfi_startproc
  28              		@ args = 0, pretend = 0, frame = 32
  29              		@ frame_needed = 0, uses_anonymous_args = 0
  30 0000 10B5     		push	{r4, lr}
  31              	.LCFI0:
  32              		.cfi_def_cfa_offset 8
  33              		.cfi_offset 4, -8
  34              		.cfi_offset 14, -4
  35 0002 88B0     		sub	sp, sp, #32
  36              	.LCFI1:
  37              		.cfi_def_cfa_offset 40
 234:Core/Src/main.c ****   GPIO_InitTypeDef GPIO_InitStruct = {0};
  38              		.loc 1 234 3 view .LVU1
  39              		.loc 1 234 20 is_stmt 0 view .LVU2
  40 0004 1422     		movs	r2, #20
  41 0006 0021     		movs	r1, #0
  42 0008 03A8     		add	r0, sp, #12
  43 000a FFF7FEFF 		bl	memset
  44              	.LVL0:
 235:Core/Src/main.c ****   /* USER CODE BEGIN MX_GPIO_Init_1 */
 236:Core/Src/main.c **** 
 237:Core/Src/main.c ****   /* USER CODE END MX_GPIO_Init_1 */
 238:Core/Src/main.c **** 
 239:Core/Src/main.c ****   /* GPIO Ports Clock Enable */
 240:Core/Src/main.c ****   __HAL_RCC_GPIOF_CLK_ENABLE();
  45              		.loc 1 240 3 is_stmt 1 view .LVU3
  46              	.LBB4:
ARM GAS  C:\Users\Lenovo\AppData\Local\Temp\cc3v0M2K.s 			page 6


  47              		.loc 1 240 3 view .LVU4
  48              		.loc 1 240 3 view .LVU5
  49 000e 174B     		ldr	r3, .L2
  50 0010 5A69     		ldr	r2, [r3, #20]
  51 0012 8021     		movs	r1, #128
  52 0014 C903     		lsls	r1, r1, #15
  53 0016 0A43     		orrs	r2, r1
  54 0018 5A61     		str	r2, [r3, #20]
  55              		.loc 1 240 3 view .LVU6
  56 001a 5A69     		ldr	r2, [r3, #20]
  57 001c 0A40     		ands	r2, r1
  58 001e 0092     		str	r2, [sp]
  59              		.loc 1 240 3 view .LVU7
  60 0020 009A     		ldr	r2, [sp]
  61              	.LBE4:
  62              		.loc 1 240 3 view .LVU8
 241:Core/Src/main.c ****   __HAL_RCC_GPIOB_CLK_ENABLE();
  63              		.loc 1 241 3 view .LVU9
  64              	.LBB5:
  65              		.loc 1 241 3 view .LVU10
  66              		.loc 1 241 3 view .LVU11
  67 0022 5A69     		ldr	r2, [r3, #20]
  68 0024 8021     		movs	r1, #128
  69 0026 C902     		lsls	r1, r1, #11
  70 0028 0A43     		orrs	r2, r1
  71 002a 5A61     		str	r2, [r3, #20]
  72              		.loc 1 241 3 view .LVU12
  73 002c 5A69     		ldr	r2, [r3, #20]
  74 002e 0A40     		ands	r2, r1
  75 0030 0192     		str	r2, [sp, #4]
  76              		.loc 1 241 3 view .LVU13
  77 0032 019A     		ldr	r2, [sp, #4]
  78              	.LBE5:
  79              		.loc 1 241 3 view .LVU14
 242:Core/Src/main.c ****   __HAL_RCC_GPIOA_CLK_ENABLE();
  80              		.loc 1 242 3 view .LVU15
  81              	.LBB6:
  82              		.loc 1 242 3 view .LVU16
  83              		.loc 1 242 3 view .LVU17
  84 0034 5A69     		ldr	r2, [r3, #20]
  85 0036 8021     		movs	r1, #128
  86 0038 8902     		lsls	r1, r1, #10
  87 003a 0A43     		orrs	r2, r1
  88 003c 5A61     		str	r2, [r3, #20]
  89              		.loc 1 242 3 view .LVU18
  90 003e 5B69     		ldr	r3, [r3, #20]
  91 0040 0B40     		ands	r3, r1
  92 0042 0293     		str	r3, [sp, #8]
  93              		.loc 1 242 3 view .LVU19
  94 0044 029B     		ldr	r3, [sp, #8]
  95              	.LBE6:
  96              		.loc 1 242 3 view .LVU20
 243:Core/Src/main.c **** 
 244:Core/Src/main.c ****   /*Configure GPIO pin Output Level */
 245:Core/Src/main.c ****   HAL_GPIO_WritePin(GPIOB, GPIO_PIN_0|GPIO_PIN_1|GPIO_PIN_2|GPIO_PIN_3
  97              		.loc 1 245 3 view .LVU21
  98 0046 0A4C     		ldr	r4, .L2+4
ARM GAS  C:\Users\Lenovo\AppData\Local\Temp\cc3v0M2K.s 			page 7


  99 0048 0022     		movs	r2, #0
 100 004a FF21     		movs	r1, #255
 101 004c 2000     		movs	r0, r4
 102 004e FFF7FEFF 		bl	HAL_GPIO_WritePin
 103              	.LVL1:
 246:Core/Src/main.c ****                           |GPIO_PIN_4|GPIO_PIN_5|GPIO_PIN_6|GPIO_PIN_7, GPIO_PIN_RESET);
 247:Core/Src/main.c **** 
 248:Core/Src/main.c ****   /*Configure GPIO pins : PB0 PB1 PB2 PB3
 249:Core/Src/main.c ****                            PB4 PB5 PB6 PB7 */
 250:Core/Src/main.c ****   GPIO_InitStruct.Pin = GPIO_PIN_0|GPIO_PIN_1|GPIO_PIN_2|GPIO_PIN_3
 104              		.loc 1 250 3 view .LVU22
 105              		.loc 1 250 23 is_stmt 0 view .LVU23
 106 0052 FF23     		movs	r3, #255
 107 0054 0393     		str	r3, [sp, #12]
 251:Core/Src/main.c ****                           |GPIO_PIN_4|GPIO_PIN_5|GPIO_PIN_6|GPIO_PIN_7;
 252:Core/Src/main.c ****   GPIO_InitStruct.Mode = GPIO_MODE_OUTPUT_PP;
 108              		.loc 1 252 3 is_stmt 1 view .LVU24
 109              		.loc 1 252 24 is_stmt 0 view .LVU25
 110 0056 FE3B     		subs	r3, r3, #254
 111 0058 0493     		str	r3, [sp, #16]
 253:Core/Src/main.c ****   GPIO_InitStruct.Pull = GPIO_NOPULL;
 112              		.loc 1 253 3 is_stmt 1 view .LVU26
 113              		.loc 1 253 24 is_stmt 0 view .LVU27
 114 005a 0023     		movs	r3, #0
 115 005c 0593     		str	r3, [sp, #20]
 254:Core/Src/main.c ****   GPIO_InitStruct.Speed = GPIO_SPEED_FREQ_LOW;
 116              		.loc 1 254 3 is_stmt 1 view .LVU28
 117              		.loc 1 254 25 is_stmt 0 view .LVU29
 118 005e 0693     		str	r3, [sp, #24]
 255:Core/Src/main.c ****   HAL_GPIO_Init(GPIOB, &GPIO_InitStruct);
 119              		.loc 1 255 3 is_stmt 1 view .LVU30
 120 0060 03A9     		add	r1, sp, #12
 121 0062 2000     		movs	r0, r4
 122 0064 FFF7FEFF 		bl	HAL_GPIO_Init
 123              	.LVL2:
 256:Core/Src/main.c **** 
 257:Core/Src/main.c ****   /* USER CODE BEGIN MX_GPIO_Init_2 */
 258:Core/Src/main.c **** 
 259:Core/Src/main.c ****   /* USER CODE END MX_GPIO_Init_2 */
 260:Core/Src/main.c **** }
 124              		.loc 1 260 1 is_stmt 0 view .LVU31
 125 0068 08B0     		add	sp, sp, #32
 126              		@ sp needed
 127 006a 10BD     		pop	{r4, pc}
 128              	.L3:
 129              		.align	2
 130              	.L2:
 131 006c 00100240 		.word	1073876992
 132 0070 00040048 		.word	1207960576
 133              		.cfi_endproc
 134              	.LFE42:
 136              		.global	__aeabi_ldivmod
 137              		.global	__aeabi_lmul
 138              		.section	.text.calculate_mandelbrot_fixed_point_arithmetic,"ax",%progbits
 139              		.align	1
 140              		.global	calculate_mandelbrot_fixed_point_arithmetic
 141              		.syntax unified
ARM GAS  C:\Users\Lenovo\AppData\Local\Temp\cc3v0M2K.s 			page 8


 142              		.code	16
 143              		.thumb_func
 145              	calculate_mandelbrot_fixed_point_arithmetic:
 146              	.LVL3:
 147              	.LFB43:
 261:Core/Src/main.c **** 
 262:Core/Src/main.c **** /* USER CODE BEGIN 4 */
 263:Core/Src/main.c **** //TODO: Function signatures you defined previously , implement them here
 264:Core/Src/main.c **** uint64_t calculate_mandelbrot_fixed_point_arithmetic(int width, int height,
 265:Core/Src/main.c **** 		int max_iterations) {
 148              		.loc 1 265 23 is_stmt 1 view -0
 149              		.cfi_startproc
 150              		@ args = 0, pretend = 0, frame = 104
 151              		@ frame_needed = 0, uses_anonymous_args = 0
 152              		.loc 1 265 23 is_stmt 0 view .LVU33
 153 0000 F0B5     		push	{r4, r5, r6, r7, lr}
 154              	.LCFI2:
 155              		.cfi_def_cfa_offset 20
 156              		.cfi_offset 4, -20
 157              		.cfi_offset 5, -16
 158              		.cfi_offset 6, -12
 159              		.cfi_offset 7, -8
 160              		.cfi_offset 14, -4
 161 0002 DE46     		mov	lr, fp
 162 0004 5746     		mov	r7, r10
 163 0006 4E46     		mov	r6, r9
 164 0008 4546     		mov	r5, r8
 165 000a E0B5     		push	{r5, r6, r7, lr}
 166              	.LCFI3:
 167              		.cfi_def_cfa_offset 36
 168              		.cfi_offset 8, -36
 169              		.cfi_offset 9, -32
 170              		.cfi_offset 10, -28
 171              		.cfi_offset 11, -24
 172 000c 9BB0     		sub	sp, sp, #108
 173              	.LCFI4:
 174              		.cfi_def_cfa_offset 144
 175 000e 1890     		str	r0, [sp, #96]
 176 0010 1991     		str	r1, [sp, #100]
 177 0012 9146     		mov	r9, r2
 266:Core/Src/main.c **** 	uint64_t mandelbrot_sum = 0;
 178              		.loc 1 266 2 is_stmt 1 view .LVU34
 179              	.LVL4:
 267:Core/Src/main.c **** 	int64_t S = 65536; // Scaling factor for fixed point arithmetic-corresponds to 2^16
 180              		.loc 1 267 2 view .LVU35
 268:Core/Src/main.c **** 	//TODO: Complete the function implementation
 269:Core/Src/main.c **** 	for (int y = 0; y < (height); y++) {
 181              		.loc 1 269 2 view .LVU36
 182              	.LBB7:
 183              		.loc 1 269 7 view .LVU37
 184              		.loc 1 269 11 is_stmt 0 view .LVU38
 185 0014 0023     		movs	r3, #0
 186 0016 9B46     		mov	fp, r3
 187              	.LBE7:
 266:Core/Src/main.c **** 	int64_t S = 65536; // Scaling factor for fixed point arithmetic-corresponds to 2^16
 188              		.loc 1 266 11 view .LVU39
 189 0018 0023     		movs	r3, #0
ARM GAS  C:\Users\Lenovo\AppData\Local\Temp\cc3v0M2K.s 			page 9


 190 001a 0024     		movs	r4, #0
 191 001c 1693     		str	r3, [sp, #88]
 192 001e 1794     		str	r4, [sp, #92]
 193              	.LBB13:
 194              		.loc 1 269 2 view .LVU40
 195 0020 C9E0     		b	.L5
 196              	.LVL5:
 197              	.L8:
 198              	.LBB8:
 199              	.LBB9:
 200              	.LBB10:
 270:Core/Src/main.c **** 		for (int x = 0; x < (width); x++) {
 271:Core/Src/main.c **** 			int64_t x_0 = ((int64_t) x * (int64_t) (3.5 * S)) / width
 272:Core/Src/main.c **** 					- (int64_t) (2.5 * S);
 273:Core/Src/main.c **** 			int64_t y_0 = ((int64_t) y * (int64_t) (2.0 * S)) / height
 274:Core/Src/main.c **** 					- (int64_t) (1.0 * S);
 275:Core/Src/main.c **** 			int64_t x_i = 0;
 276:Core/Src/main.c **** 			int64_t y_i = 0;
 277:Core/Src/main.c **** 			int iteration = 0;
 278:Core/Src/main.c **** 			while ((iteration < max_iterations)
 279:Core/Src/main.c **** 					&& (((x_i * x_i) / S) + ((y_i * y_i) / S) <= (4 * S))) {
 280:Core/Src/main.c **** 				int64_t temp = ((x_i * x_i) / S) - ((y_i * y_i) / S);
 201              		.loc 1 280 5 is_stmt 1 view .LVU41
 202              		.loc 1 280 13 is_stmt 0 view .LVU42
 203 0022 A41A     		subs	r4, r4, r2
 204 0024 9D41     		sbcs	r5, r5, r3
 205              	.LVL6:
 281:Core/Src/main.c **** 				y_i = (2 * x_i * y_i) / (S) + y_0;
 206              		.loc 1 281 5 is_stmt 1 view .LVU43
 207              		.loc 1 281 20 is_stmt 0 view .LVU44
 208 0026 029A     		ldr	r2, [sp, #8]
 209 0028 039B     		ldr	r3, [sp, #12]
 210 002a 0098     		ldr	r0, [sp]
 211 002c 0199     		ldr	r1, [sp, #4]
 212 002e FFF7FEFF 		bl	__aeabi_lmul
 213              	.LVL7:
 214 0032 0200     		movs	r2, r0
 215 0034 0B00     		movs	r3, r1
 216 0036 9218     		adds	r2, r2, r2
 217 0038 5B41     		adcs	r3, r3, r3
 218              		.loc 1 281 27 view .LVU45
 219 003a D917     		asrs	r1, r3, #31
 220 003c 0904     		lsls	r1, r1, #16
 221 003e 090C     		lsrs	r1, r1, #16
 222 0040 0891     		str	r1, [sp, #32]
 223 0042 0021     		movs	r1, #0
 224 0044 0991     		str	r1, [sp, #36]
 225 0046 0898     		ldr	r0, [sp, #32]
 226 0048 0999     		ldr	r1, [sp, #36]
 227 004a 1218     		adds	r2, r2, r0
 228 004c 4B41     		adcs	r3, r3, r1
 229 004e 1E04     		lsls	r6, r3, #16
 230 0050 0092     		str	r2, [sp]
 231 0052 0193     		str	r3, [sp, #4]
 232              	.LVL8:
 233              		.loc 1 281 27 view .LVU46
 234 0054 120C     		lsrs	r2, r2, #16
ARM GAS  C:\Users\Lenovo\AppData\Local\Temp\cc3v0M2K.s 			page 10


 235 0056 1643     		orrs	r6, r2
 236 0058 3000     		movs	r0, r6
 237 005a 019B     		ldr	r3, [sp, #4]
 238 005c 1914     		asrs	r1, r3, #16
 239              		.loc 1 281 9 view .LVU47
 240 005e 0E9A     		ldr	r2, [sp, #56]
 241 0060 0F9B     		ldr	r3, [sp, #60]
 242 0062 1218     		adds	r2, r2, r0
 243 0064 4B41     		adcs	r3, r3, r1
 244 0066 0292     		str	r2, [sp, #8]
 245 0068 0393     		str	r3, [sp, #12]
 246              	.LVL9:
 282:Core/Src/main.c **** 				x_i = temp + x_0;
 247              		.loc 1 282 5 is_stmt 1 view .LVU48
 248              		.loc 1 282 9 is_stmt 0 view .LVU49
 249 006a 0C9E     		ldr	r6, [sp, #48]
 250 006c 0D9F     		ldr	r7, [sp, #52]
 251 006e 3619     		adds	r6, r6, r4
 252 0070 6F41     		adcs	r7, r7, r5
 253 0072 0096     		str	r6, [sp]
 254 0074 0197     		str	r7, [sp, #4]
 255              	.LVL10:
 283:Core/Src/main.c **** 				iteration++;
 256              		.loc 1 283 5 is_stmt 1 view .LVU50
 257              		.loc 1 283 14 is_stmt 0 view .LVU51
 258 0076 0123     		movs	r3, #1
 259 0078 9C46     		mov	ip, r3
 260 007a E044     		add	r8, r8, ip
 261              	.LVL11:
 262              	.L6:
 263              		.loc 1 283 14 view .LVU52
 264              	.LBE10:
 279:Core/Src/main.c **** 				int64_t temp = ((x_i * x_i) / S) - ((y_i * y_i) / S);
 265              		.loc 1 279 6 is_stmt 1 view .LVU53
 266 007c C845     		cmp	r8, r9
 267 007e 44DA     		bge	.L7
 279:Core/Src/main.c **** 				int64_t temp = ((x_i * x_i) / S) - ((y_i * y_i) / S);
 268              		.loc 1 279 16 is_stmt 0 discriminator 1 view .LVU54
 269 0080 009A     		ldr	r2, [sp]
 270 0082 019B     		ldr	r3, [sp, #4]
 271 0084 1000     		movs	r0, r2
 272 0086 1900     		movs	r1, r3
 273 0088 FFF7FEFF 		bl	__aeabi_lmul
 274              	.LVL12:
 275 008c 0200     		movs	r2, r0
 276 008e 0B00     		movs	r3, r1
 279:Core/Src/main.c **** 				int64_t temp = ((x_i * x_i) / S) - ((y_i * y_i) / S);
 277              		.loc 1 279 23 discriminator 1 view .LVU55
 278 0090 C917     		asrs	r1, r1, #31
 279 0092 0904     		lsls	r1, r1, #16
 280 0094 090C     		lsrs	r1, r1, #16
 281 0096 0491     		str	r1, [sp, #16]
 282 0098 0021     		movs	r1, #0
 283 009a 0E00     		movs	r6, r1
 284 009c 0591     		str	r1, [sp, #20]
 285 009e 0498     		ldr	r0, [sp, #16]
 286 00a0 0599     		ldr	r1, [sp, #20]
ARM GAS  C:\Users\Lenovo\AppData\Local\Temp\cc3v0M2K.s 			page 11


 287 00a2 1218     		adds	r2, r2, r0
 288 00a4 4B41     		adcs	r3, r3, r1
 289 00a6 1C00     		movs	r4, r3
 290 00a8 1300     		movs	r3, r2
 291 00aa 2104     		lsls	r1, r4, #16
 292 00ac 0A93     		str	r3, [sp, #40]
 293 00ae 0B94     		str	r4, [sp, #44]
 294 00b0 120C     		lsrs	r2, r2, #16
 295 00b2 0B00     		movs	r3, r1
 296 00b4 1343     		orrs	r3, r2
 297 00b6 1C00     		movs	r4, r3
 298 00b8 0B9B     		ldr	r3, [sp, #44]
 299 00ba 1D14     		asrs	r5, r3, #16
 279:Core/Src/main.c **** 				int64_t temp = ((x_i * x_i) / S) - ((y_i * y_i) / S);
 300              		.loc 1 279 36 discriminator 1 view .LVU56
 301 00bc 0298     		ldr	r0, [sp, #8]
 302 00be 0399     		ldr	r1, [sp, #12]
 303 00c0 0200     		movs	r2, r0
 304 00c2 0B00     		movs	r3, r1
 305 00c4 FFF7FEFF 		bl	__aeabi_lmul
 306              	.LVL13:
 307 00c8 0200     		movs	r2, r0
 308 00ca 0B00     		movs	r3, r1
 279:Core/Src/main.c **** 				int64_t temp = ((x_i * x_i) / S) - ((y_i * y_i) / S);
 309              		.loc 1 279 43 discriminator 1 view .LVU57
 310 00cc C917     		asrs	r1, r1, #31
 311 00ce 0904     		lsls	r1, r1, #16
 312 00d0 080C     		lsrs	r0, r1, #16
 313 00d2 0690     		str	r0, [sp, #24]
 314 00d4 0796     		str	r6, [sp, #28]
 315 00d6 0698     		ldr	r0, [sp, #24]
 316 00d8 0799     		ldr	r1, [sp, #28]
 317 00da 8018     		adds	r0, r0, r2
 318 00dc 5941     		adcs	r1, r1, r3
 319 00de 0B04     		lsls	r3, r1, #16
 320 00e0 9C46     		mov	ip, r3
 321 00e2 0F00     		movs	r7, r1
 322 00e4 000C     		lsrs	r0, r0, #16
 323 00e6 6146     		mov	r1, ip
 324 00e8 0143     		orrs	r1, r0
 325 00ea 0A00     		movs	r2, r1
 326 00ec 3B14     		asrs	r3, r7, #16
 279:Core/Src/main.c **** 				int64_t temp = ((x_i * x_i) / S) - ((y_i * y_i) / S);
 327              		.loc 1 279 28 discriminator 1 view .LVU58
 328 00ee 2000     		movs	r0, r4
 329 00f0 2900     		movs	r1, r5
 330 00f2 8018     		adds	r0, r0, r2
 331 00f4 5941     		adcs	r1, r1, r3
 332 00f6 0A90     		str	r0, [sp, #40]
 333 00f8 0B91     		str	r1, [sp, #44]
 279:Core/Src/main.c **** 				int64_t temp = ((x_i * x_i) / S) - ((y_i * y_i) / S);
 334              		.loc 1 279 6 discriminator 1 view .LVU59
 335 00fa 0029     		cmp	r1, #0
 336 00fc 05DC     		bgt	.L7
 337 00fe 90D1     		bne	.L8
 338 0100 8021     		movs	r1, #128
 339 0102 C902     		lsls	r1, r1, #11
ARM GAS  C:\Users\Lenovo\AppData\Local\Temp\cc3v0M2K.s 			page 12


 340 0104 0A98     		ldr	r0, [sp, #40]
 341 0106 8842     		cmp	r0, r1
 342 0108 8BD9     		bls	.L8
 343              	.L7:
 284:Core/Src/main.c **** 			}
 285:Core/Src/main.c **** 			mandelbrot_sum += iteration;
 344              		.loc 1 285 4 is_stmt 1 view .LVU60
 345              		.loc 1 285 19 is_stmt 0 view .LVU61
 346 010a 4346     		mov	r3, r8
 347 010c 1493     		str	r3, [sp, #80]
 348 010e DB17     		asrs	r3, r3, #31
 349 0110 1593     		str	r3, [sp, #84]
 350 0112 169B     		ldr	r3, [sp, #88]
 351 0114 179C     		ldr	r4, [sp, #92]
 352 0116 1499     		ldr	r1, [sp, #80]
 353 0118 159A     		ldr	r2, [sp, #84]
 354 011a 5B18     		adds	r3, r3, r1
 355 011c 5441     		adcs	r4, r4, r2
 356 011e 1693     		str	r3, [sp, #88]
 357 0120 1794     		str	r4, [sp, #92]
 358              	.LVL14:
 359              		.loc 1 285 19 view .LVU62
 360              	.LBE9:
 270:Core/Src/main.c **** 			int64_t x_0 = ((int64_t) x * (int64_t) (3.5 * S)) / width
 361              		.loc 1 270 33 is_stmt 1 discriminator 2 view .LVU63
 362 0122 0123     		movs	r3, #1
 363              	.LVL15:
 270:Core/Src/main.c **** 			int64_t x_0 = ((int64_t) x * (int64_t) (3.5 * S)) / width
 364              		.loc 1 270 33 is_stmt 0 discriminator 2 view .LVU64
 365 0124 9C46     		mov	ip, r3
 366 0126 E244     		add	r10, r10, ip
 367              	.LVL16:
 368              	.L11:
 270:Core/Src/main.c **** 			int64_t x_0 = ((int64_t) x * (int64_t) (3.5 * S)) / width
 369              		.loc 1 270 21 is_stmt 1 discriminator 1 view .LVU65
 370 0128 189B     		ldr	r3, [sp, #96]
 371 012a 9A45     		cmp	r10, r3
 372 012c 40DA     		bge	.L13
 373              	.LBB11:
 271:Core/Src/main.c **** 					- (int64_t) (2.5 * S);
 374              		.loc 1 271 4 view .LVU66
 271:Core/Src/main.c **** 					- (int64_t) (2.5 * S);
 375              		.loc 1 271 19 is_stmt 0 view .LVU67
 376 012e 5346     		mov	r3, r10
 377 0130 1293     		str	r3, [sp, #72]
 378 0132 DB17     		asrs	r3, r3, #31
 379 0134 1393     		str	r3, [sp, #76]
 271:Core/Src/main.c **** 					- (int64_t) (2.5 * S);
 380              		.loc 1 271 31 view .LVU68
 381 0136 1298     		ldr	r0, [sp, #72]
 382 0138 1399     		ldr	r1, [sp, #76]
 383 013a 420F     		lsrs	r2, r0, #29
 384 013c DB00     		lsls	r3, r3, #3
 385 013e 1193     		str	r3, [sp, #68]
 386 0140 1343     		orrs	r3, r2
 387 0142 1193     		str	r3, [sp, #68]
 388 0144 0300     		movs	r3, r0
ARM GAS  C:\Users\Lenovo\AppData\Local\Temp\cc3v0M2K.s 			page 13


 389 0146 0C00     		movs	r4, r1
 390 0148 C200     		lsls	r2, r0, #3
 391 014a 1092     		str	r2, [sp, #64]
 392 014c 1098     		ldr	r0, [sp, #64]
 393 014e 1199     		ldr	r1, [sp, #68]
 394 0150 C01A     		subs	r0, r0, r3
 395 0152 A141     		sbcs	r1, r1, r4
 396 0154 420C     		lsrs	r2, r0, #17
 397 0156 CB03     		lsls	r3, r1, #15
 398 0158 C403     		lsls	r4, r0, #15
 399 015a 2000     		movs	r0, r4
 400 015c 1A43     		orrs	r2, r3
 401 015e 1100     		movs	r1, r2
 271:Core/Src/main.c **** 					- (int64_t) (2.5 * S);
 402              		.loc 1 271 54 view .LVU69
 403 0160 189A     		ldr	r2, [sp, #96]
 404 0162 D317     		asrs	r3, r2, #31
 405 0164 FFF7FEFF 		bl	__aeabi_ldivmod
 406              	.LVL17:
 271:Core/Src/main.c **** 					- (int64_t) (2.5 * S);
 407              		.loc 1 271 12 view .LVU70
 408 0168 1A4A     		ldr	r2, .L15
 409 016a 0123     		movs	r3, #1
 410 016c 5B42     		rsbs	r3, r3, #0
 411 016e 8018     		adds	r0, r0, r2
 412 0170 5941     		adcs	r1, r1, r3
 413 0172 0C90     		str	r0, [sp, #48]
 414 0174 0D91     		str	r1, [sp, #52]
 415              	.LVL18:
 273:Core/Src/main.c **** 					- (int64_t) (1.0 * S);
 416              		.loc 1 273 4 is_stmt 1 view .LVU71
 273:Core/Src/main.c **** 					- (int64_t) (1.0 * S);
 417              		.loc 1 273 19 is_stmt 0 view .LVU72
 418 0176 5B46     		mov	r3, fp
 419 0178 D917     		asrs	r1, r3, #31
 273:Core/Src/main.c **** 					- (int64_t) (1.0 * S);
 420              		.loc 1 273 31 view .LVU73
 421 017a DB0B     		lsrs	r3, r3, #15
 422 017c 4904     		lsls	r1, r1, #17
 423 017e 1943     		orrs	r1, r3
 424 0180 5B46     		mov	r3, fp
 425 0182 5804     		lsls	r0, r3, #17
 426              	.LVL19:
 273:Core/Src/main.c **** 					- (int64_t) (1.0 * S);
 427              		.loc 1 273 54 view .LVU74
 428 0184 199A     		ldr	r2, [sp, #100]
 429 0186 D317     		asrs	r3, r2, #31
 430 0188 FFF7FEFF 		bl	__aeabi_ldivmod
 431              	.LVL20:
 273:Core/Src/main.c **** 					- (int64_t) (1.0 * S);
 432              		.loc 1 273 12 view .LVU75
 433 018c 124A     		ldr	r2, .L15+4
 434 018e 0123     		movs	r3, #1
 435 0190 5B42     		rsbs	r3, r3, #0
 436 0192 8018     		adds	r0, r0, r2
 437 0194 5941     		adcs	r1, r1, r3
 438 0196 0E90     		str	r0, [sp, #56]
ARM GAS  C:\Users\Lenovo\AppData\Local\Temp\cc3v0M2K.s 			page 14


 439 0198 0F91     		str	r1, [sp, #60]
 440              	.LVL21:
 275:Core/Src/main.c **** 			int64_t y_i = 0;
 441              		.loc 1 275 4 is_stmt 1 view .LVU76
 276:Core/Src/main.c **** 			int iteration = 0;
 442              		.loc 1 276 4 view .LVU77
 277:Core/Src/main.c **** 			while ((iteration < max_iterations)
 443              		.loc 1 277 4 view .LVU78
 278:Core/Src/main.c **** 					&& (((x_i * x_i) / S) + ((y_i * y_i) / S) <= (4 * S))) {
 444              		.loc 1 278 4 view .LVU79
 277:Core/Src/main.c **** 			while ((iteration < max_iterations)
 445              		.loc 1 277 8 is_stmt 0 view .LVU80
 446 019a 0023     		movs	r3, #0
 447 019c 9846     		mov	r8, r3
 276:Core/Src/main.c **** 			int iteration = 0;
 448              		.loc 1 276 12 view .LVU81
 449 019e 0023     		movs	r3, #0
 450 01a0 0024     		movs	r4, #0
 451 01a2 0293     		str	r3, [sp, #8]
 452 01a4 0394     		str	r4, [sp, #12]
 275:Core/Src/main.c **** 			int64_t y_i = 0;
 453              		.loc 1 275 12 view .LVU82
 454 01a6 0026     		movs	r6, #0
 455 01a8 0027     		movs	r7, #0
 456 01aa 0096     		str	r6, [sp]
 457 01ac 0197     		str	r7, [sp, #4]
 278:Core/Src/main.c **** 					&& (((x_i * x_i) / S) + ((y_i * y_i) / S) <= (4 * S))) {
 458              		.loc 1 278 10 view .LVU83
 459 01ae 65E7     		b	.L6
 460              	.LVL22:
 461              	.L13:
 278:Core/Src/main.c **** 					&& (((x_i * x_i) / S) + ((y_i * y_i) / S) <= (4 * S))) {
 462              		.loc 1 278 10 view .LVU84
 463              	.LBE11:
 464              	.LBE8:
 269:Core/Src/main.c **** 		for (int x = 0; x < (width); x++) {
 465              		.loc 1 269 33 is_stmt 1 discriminator 2 view .LVU85
 466 01b0 0123     		movs	r3, #1
 467 01b2 9C46     		mov	ip, r3
 468 01b4 E344     		add	fp, fp, ip
 469              	.LVL23:
 470              	.L5:
 269:Core/Src/main.c **** 		for (int x = 0; x < (width); x++) {
 471              		.loc 1 269 20 discriminator 1 view .LVU86
 472 01b6 199B     		ldr	r3, [sp, #100]
 473 01b8 9B45     		cmp	fp, r3
 474 01ba 02DA     		bge	.L14
 475              	.LBB12:
 270:Core/Src/main.c **** 			int64_t x_0 = ((int64_t) x * (int64_t) (3.5 * S)) / width
 476              		.loc 1 270 12 is_stmt 0 view .LVU87
 477 01bc 0023     		movs	r3, #0
 478 01be 9A46     		mov	r10, r3
 479 01c0 B2E7     		b	.L11
 480              	.L14:
 481              	.LBE12:
 482              	.LBE13:
 286:Core/Src/main.c **** 		}
ARM GAS  C:\Users\Lenovo\AppData\Local\Temp\cc3v0M2K.s 			page 15


 287:Core/Src/main.c **** 	}
 288:Core/Src/main.c **** 	return mandelbrot_sum;
 483              		.loc 1 288 2 is_stmt 1 view .LVU88
 289:Core/Src/main.c **** }
 484              		.loc 1 289 1 is_stmt 0 view .LVU89
 485 01c2 1698     		ldr	r0, [sp, #88]
 486 01c4 1799     		ldr	r1, [sp, #92]
 487 01c6 1BB0     		add	sp, sp, #108
 488              		@ sp needed
 489              	.LVL24:
 490              	.LVL25:
 491              		.loc 1 289 1 view .LVU90
 492 01c8 F0BC     		pop	{r4, r5, r6, r7}
 493 01ca BB46     		mov	fp, r7
 494 01cc B246     		mov	r10, r6
 495 01ce A946     		mov	r9, r5
 496 01d0 A046     		mov	r8, r4
 497 01d2 F0BD     		pop	{r4, r5, r6, r7, pc}
 498              	.L16:
 499              		.align	2
 500              	.L15:
 501 01d4 0080FDFF 		.word	-163840
 502 01d8 0000FFFF 		.word	-65536
 503              		.cfi_endproc
 504              	.LFE43:
 506              		.global	__aeabi_i2d
 507              		.global	__aeabi_ddiv
 508              		.global	__aeabi_dmul
 509              		.global	__aeabi_dsub
 510              		.global	__aeabi_dadd
 511              		.global	__aeabi_dcmple
 512              		.section	.text.calculate_mandelbrot_double,"ax",%progbits
 513              		.align	1
 514              		.global	calculate_mandelbrot_double
 515              		.syntax unified
 516              		.code	16
 517              		.thumb_func
 519              	calculate_mandelbrot_double:
 520              	.LVL26:
 521              	.LFB44:
 290:Core/Src/main.c **** 
 291:Core/Src/main.c **** uint64_t calculate_mandelbrot_double(int width, int height, int max_iterations) {
 522              		.loc 1 291 81 is_stmt 1 view -0
 523              		.cfi_startproc
 524              		@ args = 0, pretend = 0, frame = 64
 525              		@ frame_needed = 0, uses_anonymous_args = 0
 526              		.loc 1 291 81 is_stmt 0 view .LVU92
 527 0000 F0B5     		push	{r4, r5, r6, r7, lr}
 528              	.LCFI5:
 529              		.cfi_def_cfa_offset 20
 530              		.cfi_offset 4, -20
 531              		.cfi_offset 5, -16
 532              		.cfi_offset 6, -12
 533              		.cfi_offset 7, -8
 534              		.cfi_offset 14, -4
 535 0002 DE46     		mov	lr, fp
 536 0004 5746     		mov	r7, r10
ARM GAS  C:\Users\Lenovo\AppData\Local\Temp\cc3v0M2K.s 			page 16


 537 0006 4E46     		mov	r6, r9
 538 0008 4546     		mov	r5, r8
 539 000a E0B5     		push	{r5, r6, r7, lr}
 540              	.LCFI6:
 541              		.cfi_def_cfa_offset 36
 542              		.cfi_offset 8, -36
 543              		.cfi_offset 9, -32
 544              		.cfi_offset 10, -28
 545              		.cfi_offset 11, -24
 546 000c 91B0     		sub	sp, sp, #68
 547              	.LCFI7:
 548              		.cfi_def_cfa_offset 104
 549 000e 0F91     		str	r1, [sp, #60]
 550 0010 9146     		mov	r9, r2
 292:Core/Src/main.c **** 	uint64_t mandelbrot_sum = 0;
 551              		.loc 1 292 2 is_stmt 1 view .LVU93
 552              	.LVL27:
 293:Core/Src/main.c **** 	//TODO: Complete the function implementation
 294:Core/Src/main.c **** 	for (int y = 0; y < (height); y++) {
 553              		.loc 1 294 2 view .LVU94
 554              	.LBB14:
 555              		.loc 1 294 7 view .LVU95
 556              		.loc 1 294 11 is_stmt 0 view .LVU96
 557 0012 0023     		movs	r3, #0
 558 0014 0E93     		str	r3, [sp, #56]
 559              	.LBE14:
 292:Core/Src/main.c **** 	uint64_t mandelbrot_sum = 0;
 560              		.loc 1 292 11 view .LVU97
 561 0016 0023     		movs	r3, #0
 562 0018 0024     		movs	r4, #0
 563 001a 0C93     		str	r3, [sp, #48]
 564 001c 0D94     		str	r4, [sp, #52]
 565 001e 0B90     		str	r0, [sp, #44]
 566              	.LBB20:
 567              		.loc 1 294 2 view .LVU98
 568 0020 8DE0     		b	.L18
 569              	.LVL28:
 570              	.L21:
 571              	.LBB15:
 572              	.LBB16:
 573              	.LBB17:
 295:Core/Src/main.c **** 		for (int x = 0; x < (width); x++) {
 296:Core/Src/main.c **** 			double x_0 = (((double) x) / width) * 3.5 - 2.5;
 297:Core/Src/main.c **** 			double y_0 = (((double) y) / height) * 2.0 - 1.0;
 298:Core/Src/main.c **** 			double x_i = 0;
 299:Core/Src/main.c **** 			double y_i = 0;
 300:Core/Src/main.c **** 			int iteration = 0;
 301:Core/Src/main.c **** 			while ((iteration < max_iterations)
 302:Core/Src/main.c **** 					&& (x_i * x_i + y_i * y_i) <= 4.0) {
 303:Core/Src/main.c **** 				double temp = x_i * x_i - y_i * y_i;
 574              		.loc 1 303 5 is_stmt 1 view .LVU99
 575              		.loc 1 303 12 is_stmt 0 view .LVU100
 576 0022 029A     		ldr	r2, [sp, #8]
 577 0024 039B     		ldr	r3, [sp, #12]
 578 0026 0098     		ldr	r0, [sp]
 579 0028 0199     		ldr	r1, [sp, #4]
 580 002a FFF7FEFF 		bl	__aeabi_dsub
ARM GAS  C:\Users\Lenovo\AppData\Local\Temp\cc3v0M2K.s 			page 17


 581              	.LVL29:
 582 002e 0090     		str	r0, [sp]
 583 0030 0191     		str	r1, [sp, #4]
 584              	.LVL30:
 304:Core/Src/main.c **** 				y_i = (2.0 * x_i * y_i) + y_0;
 585              		.loc 1 304 5 is_stmt 1 view .LVU101
 586              		.loc 1 304 16 is_stmt 0 view .LVU102
 587 0032 3200     		movs	r2, r6
 588 0034 3B00     		movs	r3, r7
 589 0036 3000     		movs	r0, r6
 590              	.LVL31:
 591              		.loc 1 304 16 view .LVU103
 592 0038 3900     		movs	r1, r7
 593 003a FFF7FEFF 		bl	__aeabi_dadd
 594              	.LVL32:
 595              		.loc 1 304 22 view .LVU104
 596 003e 2200     		movs	r2, r4
 597 0040 2B00     		movs	r3, r5
 598 0042 FFF7FEFF 		bl	__aeabi_dmul
 599              	.LVL33:
 600              		.loc 1 304 9 view .LVU105
 601 0046 069A     		ldr	r2, [sp, #24]
 602 0048 079B     		ldr	r3, [sp, #28]
 603 004a FFF7FEFF 		bl	__aeabi_dadd
 604              	.LVL34:
 605 004e 0400     		movs	r4, r0
 606              	.LVL35:
 607              		.loc 1 304 9 view .LVU106
 608 0050 0D00     		movs	r5, r1
 609              	.LVL36:
 305:Core/Src/main.c **** 				x_i = temp + x_0;
 610              		.loc 1 305 5 is_stmt 1 view .LVU107
 611              		.loc 1 305 9 is_stmt 0 view .LVU108
 612 0052 009A     		ldr	r2, [sp]
 613 0054 019B     		ldr	r3, [sp, #4]
 614 0056 0498     		ldr	r0, [sp, #16]
 615 0058 0599     		ldr	r1, [sp, #20]
 616 005a FFF7FEFF 		bl	__aeabi_dadd
 617              	.LVL37:
 618 005e 0600     		movs	r6, r0
 619              	.LVL38:
 620              		.loc 1 305 9 view .LVU109
 621 0060 0F00     		movs	r7, r1
 622              	.LVL39:
 306:Core/Src/main.c **** 				iteration++;
 623              		.loc 1 306 5 is_stmt 1 view .LVU110
 624              		.loc 1 306 14 is_stmt 0 view .LVU111
 625 0062 0123     		movs	r3, #1
 626 0064 9C46     		mov	ip, r3
 627 0066 E044     		add	r8, r8, ip
 628              	.LVL40:
 629              	.L19:
 630              		.loc 1 306 14 view .LVU112
 631              	.LBE17:
 302:Core/Src/main.c **** 				double temp = x_i * x_i - y_i * y_i;
 632              		.loc 1 302 6 is_stmt 1 view .LVU113
 633 0068 C845     		cmp	r8, r9
ARM GAS  C:\Users\Lenovo\AppData\Local\Temp\cc3v0M2K.s 			page 18


 634 006a 1BDA     		bge	.L20
 302:Core/Src/main.c **** 				double temp = x_i * x_i - y_i * y_i;
 635              		.loc 1 302 14 is_stmt 0 discriminator 1 view .LVU114
 636 006c 3200     		movs	r2, r6
 637 006e 3B00     		movs	r3, r7
 638 0070 3000     		movs	r0, r6
 639 0072 3900     		movs	r1, r7
 640 0074 FFF7FEFF 		bl	__aeabi_dmul
 641              	.LVL41:
 642 0078 0090     		str	r0, [sp]
 643 007a 0191     		str	r1, [sp, #4]
 302:Core/Src/main.c **** 				double temp = x_i * x_i - y_i * y_i;
 644              		.loc 1 302 26 discriminator 1 view .LVU115
 645 007c 2200     		movs	r2, r4
 646 007e 2B00     		movs	r3, r5
 647 0080 2000     		movs	r0, r4
 648 0082 2900     		movs	r1, r5
 649 0084 FFF7FEFF 		bl	__aeabi_dmul
 650              	.LVL42:
 651 0088 0200     		movs	r2, r0
 652 008a 0B00     		movs	r3, r1
 653 008c 0292     		str	r2, [sp, #8]
 654 008e 0393     		str	r3, [sp, #12]
 302:Core/Src/main.c **** 				double temp = x_i * x_i - y_i * y_i;
 655              		.loc 1 302 20 discriminator 1 view .LVU116
 656 0090 0098     		ldr	r0, [sp]
 657 0092 0199     		ldr	r1, [sp, #4]
 658 0094 FFF7FEFF 		bl	__aeabi_dadd
 659              	.LVL43:
 302:Core/Src/main.c **** 				double temp = x_i * x_i - y_i * y_i;
 660              		.loc 1 302 6 discriminator 1 view .LVU117
 661 0098 0022     		movs	r2, #0
 662 009a 344B     		ldr	r3, .L27
 663 009c FFF7FEFF 		bl	__aeabi_dcmple
 664              	.LVL44:
 665 00a0 0028     		cmp	r0, #0
 666 00a2 BED1     		bne	.L21
 667              	.L20:
 307:Core/Src/main.c **** 			}
 308:Core/Src/main.c **** 			mandelbrot_sum += iteration;
 668              		.loc 1 308 4 is_stmt 1 view .LVU118
 669              		.loc 1 308 19 is_stmt 0 view .LVU119
 670 00a4 4346     		mov	r3, r8
 671 00a6 0893     		str	r3, [sp, #32]
 672 00a8 DB17     		asrs	r3, r3, #31
 673 00aa 0993     		str	r3, [sp, #36]
 674 00ac 0C9B     		ldr	r3, [sp, #48]
 675 00ae 0D9C     		ldr	r4, [sp, #52]
 676 00b0 0899     		ldr	r1, [sp, #32]
 677 00b2 099A     		ldr	r2, [sp, #36]
 678 00b4 5B18     		adds	r3, r3, r1
 679 00b6 5441     		adcs	r4, r4, r2
 680 00b8 0C93     		str	r3, [sp, #48]
 681 00ba 0D94     		str	r4, [sp, #52]
 682              	.LVL45:
 683              		.loc 1 308 19 view .LVU120
 684              	.LBE16:
ARM GAS  C:\Users\Lenovo\AppData\Local\Temp\cc3v0M2K.s 			page 19


 295:Core/Src/main.c **** 			double x_0 = (((double) x) / width) * 3.5 - 2.5;
 685              		.loc 1 295 33 is_stmt 1 discriminator 2 view .LVU121
 686 00bc 0A9B     		ldr	r3, [sp, #40]
 687              	.LVL46:
 295:Core/Src/main.c **** 			double x_0 = (((double) x) / width) * 3.5 - 2.5;
 688              		.loc 1 295 33 is_stmt 0 discriminator 2 view .LVU122
 689 00be 0133     		adds	r3, r3, #1
 690 00c0 0A93     		str	r3, [sp, #40]
 691              	.LVL47:
 692              	.L23:
 295:Core/Src/main.c **** 			double x_0 = (((double) x) / width) * 3.5 - 2.5;
 693              		.loc 1 295 21 is_stmt 1 discriminator 1 view .LVU123
 694 00c2 0A9B     		ldr	r3, [sp, #40]
 695 00c4 0B9A     		ldr	r2, [sp, #44]
 696 00c6 9342     		cmp	r3, r2
 697 00c8 36DA     		bge	.L25
 698              	.LBB18:
 296:Core/Src/main.c **** 			double y_0 = (((double) y) / height) * 2.0 - 1.0;
 699              		.loc 1 296 4 view .LVU124
 296:Core/Src/main.c **** 			double y_0 = (((double) y) / height) * 2.0 - 1.0;
 700              		.loc 1 296 19 is_stmt 0 view .LVU125
 701 00ca 0A98     		ldr	r0, [sp, #40]
 702 00cc FFF7FEFF 		bl	__aeabi_i2d
 703              	.LVL48:
 704 00d0 0400     		movs	r4, r0
 705 00d2 0D00     		movs	r5, r1
 296:Core/Src/main.c **** 			double y_0 = (((double) y) / height) * 2.0 - 1.0;
 706              		.loc 1 296 31 view .LVU126
 707 00d4 0B98     		ldr	r0, [sp, #44]
 708 00d6 FFF7FEFF 		bl	__aeabi_i2d
 709              	.LVL49:
 710 00da 0200     		movs	r2, r0
 711 00dc 0B00     		movs	r3, r1
 712 00de 2000     		movs	r0, r4
 713 00e0 2900     		movs	r1, r5
 714 00e2 FFF7FEFF 		bl	__aeabi_ddiv
 715              	.LVL50:
 296:Core/Src/main.c **** 			double y_0 = (((double) y) / height) * 2.0 - 1.0;
 716              		.loc 1 296 40 view .LVU127
 717 00e6 0022     		movs	r2, #0
 718 00e8 214B     		ldr	r3, .L27+4
 719 00ea FFF7FEFF 		bl	__aeabi_dmul
 720              	.LVL51:
 296:Core/Src/main.c **** 			double y_0 = (((double) y) / height) * 2.0 - 1.0;
 721              		.loc 1 296 11 view .LVU128
 722 00ee 0022     		movs	r2, #0
 723 00f0 204B     		ldr	r3, .L27+8
 724 00f2 FFF7FEFF 		bl	__aeabi_dsub
 725              	.LVL52:
 726 00f6 0490     		str	r0, [sp, #16]
 727 00f8 0591     		str	r1, [sp, #20]
 728              	.LVL53:
 297:Core/Src/main.c **** 			double x_i = 0;
 729              		.loc 1 297 4 is_stmt 1 view .LVU129
 297:Core/Src/main.c **** 			double x_i = 0;
 730              		.loc 1 297 19 is_stmt 0 view .LVU130
 731 00fa 5846     		mov	r0, fp
ARM GAS  C:\Users\Lenovo\AppData\Local\Temp\cc3v0M2K.s 			page 20


 732              	.LVL54:
 297:Core/Src/main.c **** 			double x_i = 0;
 733              		.loc 1 297 19 view .LVU131
 734 00fc FFF7FEFF 		bl	__aeabi_i2d
 735              	.LVL55:
 736 0100 0400     		movs	r4, r0
 737 0102 0D00     		movs	r5, r1
 297:Core/Src/main.c **** 			double x_i = 0;
 738              		.loc 1 297 31 view .LVU132
 739 0104 5046     		mov	r0, r10
 740 0106 FFF7FEFF 		bl	__aeabi_i2d
 741              	.LVL56:
 742 010a 0200     		movs	r2, r0
 743 010c 0B00     		movs	r3, r1
 744 010e 2000     		movs	r0, r4
 745 0110 2900     		movs	r1, r5
 746 0112 FFF7FEFF 		bl	__aeabi_ddiv
 747              	.LVL57:
 297:Core/Src/main.c **** 			double x_i = 0;
 748              		.loc 1 297 41 view .LVU133
 749 0116 0200     		movs	r2, r0
 750 0118 0B00     		movs	r3, r1
 751 011a FFF7FEFF 		bl	__aeabi_dadd
 752              	.LVL58:
 297:Core/Src/main.c **** 			double x_i = 0;
 753              		.loc 1 297 11 view .LVU134
 754 011e 0022     		movs	r2, #0
 755 0120 154B     		ldr	r3, .L27+12
 756 0122 FFF7FEFF 		bl	__aeabi_dsub
 757              	.LVL59:
 758 0126 0690     		str	r0, [sp, #24]
 759 0128 0791     		str	r1, [sp, #28]
 760              	.LVL60:
 298:Core/Src/main.c **** 			double y_i = 0;
 761              		.loc 1 298 4 is_stmt 1 view .LVU135
 299:Core/Src/main.c **** 			int iteration = 0;
 762              		.loc 1 299 4 view .LVU136
 300:Core/Src/main.c **** 			while ((iteration < max_iterations)
 763              		.loc 1 300 4 view .LVU137
 301:Core/Src/main.c **** 					&& (x_i * x_i + y_i * y_i) <= 4.0) {
 764              		.loc 1 301 4 view .LVU138
 300:Core/Src/main.c **** 			while ((iteration < max_iterations)
 765              		.loc 1 300 8 is_stmt 0 view .LVU139
 766 012a 0023     		movs	r3, #0
 767 012c 9846     		mov	r8, r3
 299:Core/Src/main.c **** 			int iteration = 0;
 768              		.loc 1 299 11 view .LVU140
 769 012e 0024     		movs	r4, #0
 770 0130 0025     		movs	r5, #0
 298:Core/Src/main.c **** 			double y_i = 0;
 771              		.loc 1 298 11 view .LVU141
 772 0132 2600     		movs	r6, r4
 773 0134 2F00     		movs	r7, r5
 301:Core/Src/main.c **** 					&& (x_i * x_i + y_i * y_i) <= 4.0) {
 774              		.loc 1 301 10 view .LVU142
 775 0136 97E7     		b	.L19
 776              	.LVL61:
ARM GAS  C:\Users\Lenovo\AppData\Local\Temp\cc3v0M2K.s 			page 21


 777              	.L25:
 301:Core/Src/main.c **** 					&& (x_i * x_i + y_i * y_i) <= 4.0) {
 778              		.loc 1 301 10 view .LVU143
 779              	.LBE18:
 780              	.LBE15:
 294:Core/Src/main.c **** 		for (int x = 0; x < (width); x++) {
 781              		.loc 1 294 33 is_stmt 1 discriminator 2 view .LVU144
 782 0138 0E9B     		ldr	r3, [sp, #56]
 783              	.LVL62:
 294:Core/Src/main.c **** 		for (int x = 0; x < (width); x++) {
 784              		.loc 1 294 33 is_stmt 0 discriminator 2 view .LVU145
 785 013a 0133     		adds	r3, r3, #1
 786 013c 0E93     		str	r3, [sp, #56]
 787              	.LVL63:
 788              	.L18:
 294:Core/Src/main.c **** 		for (int x = 0; x < (width); x++) {
 789              		.loc 1 294 20 is_stmt 1 discriminator 1 view .LVU146
 790 013e 0E9B     		ldr	r3, [sp, #56]
 791 0140 0F9A     		ldr	r2, [sp, #60]
 792 0142 9342     		cmp	r3, r2
 793 0144 08DA     		bge	.L26
 794              	.LBB19:
 295:Core/Src/main.c **** 			double x_0 = (((double) x) / width) * 3.5 - 2.5;
 795              		.loc 1 295 12 is_stmt 0 view .LVU147
 796 0146 0023     		movs	r3, #0
 797 0148 9A46     		mov	r10, r3
 798 014a 0E9B     		ldr	r3, [sp, #56]
 799 014c 9B46     		mov	fp, r3
 800 014e 5346     		mov	r3, r10
 801 0150 0A93     		str	r3, [sp, #40]
 802 0152 0F9B     		ldr	r3, [sp, #60]
 803 0154 9A46     		mov	r10, r3
 804 0156 B4E7     		b	.L23
 805              	.LVL64:
 806              	.L26:
 295:Core/Src/main.c **** 			double x_0 = (((double) x) / width) * 3.5 - 2.5;
 807              		.loc 1 295 12 view .LVU148
 808              	.LBE19:
 809              	.LBE20:
 309:Core/Src/main.c **** 		}
 310:Core/Src/main.c **** 	}
 311:Core/Src/main.c **** 	return mandelbrot_sum;
 810              		.loc 1 311 2 is_stmt 1 view .LVU149
 312:Core/Src/main.c **** }
 811              		.loc 1 312 1 is_stmt 0 view .LVU150
 812 0158 0C98     		ldr	r0, [sp, #48]
 813 015a 0D99     		ldr	r1, [sp, #52]
 814 015c 11B0     		add	sp, sp, #68
 815              		@ sp needed
 816              	.LVL65:
 817              		.loc 1 312 1 view .LVU151
 818 015e F0BC     		pop	{r4, r5, r6, r7}
 819 0160 BB46     		mov	fp, r7
 820 0162 B246     		mov	r10, r6
 821 0164 A946     		mov	r9, r5
 822 0166 A046     		mov	r8, r4
 823 0168 F0BD     		pop	{r4, r5, r6, r7, pc}
ARM GAS  C:\Users\Lenovo\AppData\Local\Temp\cc3v0M2K.s 			page 22


 824              	.L28:
 825 016a C046     		.align	2
 826              	.L27:
 827 016c 00001040 		.word	1074790400
 828 0170 00000C40 		.word	1074528256
 829 0174 00000440 		.word	1074003968
 830 0178 0000F03F 		.word	1072693248
 831              		.cfi_endproc
 832              	.LFE44:
 834              		.section	.text.Error_Handler,"ax",%progbits
 835              		.align	1
 836              		.global	Error_Handler
 837              		.syntax unified
 838              		.code	16
 839              		.thumb_func
 841              	Error_Handler:
 842              	.LFB45:
 313:Core/Src/main.c **** 
 314:Core/Src/main.c **** /* USER CODE END 4 */
 315:Core/Src/main.c **** 
 316:Core/Src/main.c **** /**
 317:Core/Src/main.c ****   * @brief  This function is executed in case of error occurrence.
 318:Core/Src/main.c ****   * @retval None
 319:Core/Src/main.c ****   */
 320:Core/Src/main.c **** void Error_Handler(void)
 321:Core/Src/main.c **** {
 843              		.loc 1 321 1 is_stmt 1 view -0
 844              		.cfi_startproc
 845              		@ Volatile: function does not return.
 846              		@ args = 0, pretend = 0, frame = 0
 847              		@ frame_needed = 0, uses_anonymous_args = 0
 848              		@ link register save eliminated.
 322:Core/Src/main.c ****   /* USER CODE BEGIN Error_Handler_Debug */
 323:Core/Src/main.c ****   /* User can add his own implementation to report the HAL error return state */
 324:Core/Src/main.c ****   __disable_irq();
 849              		.loc 1 324 3 view .LVU153
 850              	.LBB21:
 851              	.LBI21:
 852              		.file 2 "Drivers/CMSIS/Include/cmsis_gcc.h"
   1:Drivers/CMSIS/Include/cmsis_gcc.h **** /**************************************************************************//**
   2:Drivers/CMSIS/Include/cmsis_gcc.h ****  * @file     cmsis_gcc.h
   3:Drivers/CMSIS/Include/cmsis_gcc.h ****  * @brief    CMSIS compiler GCC header file
   4:Drivers/CMSIS/Include/cmsis_gcc.h ****  * @version  V5.0.4
   5:Drivers/CMSIS/Include/cmsis_gcc.h ****  * @date     09. April 2018
   6:Drivers/CMSIS/Include/cmsis_gcc.h ****  ******************************************************************************/
   7:Drivers/CMSIS/Include/cmsis_gcc.h **** /*
   8:Drivers/CMSIS/Include/cmsis_gcc.h ****  * Copyright (c) 2009-2018 Arm Limited. All rights reserved.
   9:Drivers/CMSIS/Include/cmsis_gcc.h ****  *
  10:Drivers/CMSIS/Include/cmsis_gcc.h ****  * SPDX-License-Identifier: Apache-2.0
  11:Drivers/CMSIS/Include/cmsis_gcc.h ****  *
  12:Drivers/CMSIS/Include/cmsis_gcc.h ****  * Licensed under the Apache License, Version 2.0 (the License); you may
  13:Drivers/CMSIS/Include/cmsis_gcc.h ****  * not use this file except in compliance with the License.
  14:Drivers/CMSIS/Include/cmsis_gcc.h ****  * You may obtain a copy of the License at
  15:Drivers/CMSIS/Include/cmsis_gcc.h ****  *
  16:Drivers/CMSIS/Include/cmsis_gcc.h ****  * www.apache.org/licenses/LICENSE-2.0
  17:Drivers/CMSIS/Include/cmsis_gcc.h ****  *
  18:Drivers/CMSIS/Include/cmsis_gcc.h ****  * Unless required by applicable law or agreed to in writing, software
ARM GAS  C:\Users\Lenovo\AppData\Local\Temp\cc3v0M2K.s 			page 23


  19:Drivers/CMSIS/Include/cmsis_gcc.h ****  * distributed under the License is distributed on an AS IS BASIS, WITHOUT
  20:Drivers/CMSIS/Include/cmsis_gcc.h ****  * WARRANTIES OR CONDITIONS OF ANY KIND, either express or implied.
  21:Drivers/CMSIS/Include/cmsis_gcc.h ****  * See the License for the specific language governing permissions and
  22:Drivers/CMSIS/Include/cmsis_gcc.h ****  * limitations under the License.
  23:Drivers/CMSIS/Include/cmsis_gcc.h ****  */
  24:Drivers/CMSIS/Include/cmsis_gcc.h **** 
  25:Drivers/CMSIS/Include/cmsis_gcc.h **** #ifndef __CMSIS_GCC_H
  26:Drivers/CMSIS/Include/cmsis_gcc.h **** #define __CMSIS_GCC_H
  27:Drivers/CMSIS/Include/cmsis_gcc.h **** 
  28:Drivers/CMSIS/Include/cmsis_gcc.h **** /* ignore some GCC warnings */
  29:Drivers/CMSIS/Include/cmsis_gcc.h **** #pragma GCC diagnostic push
  30:Drivers/CMSIS/Include/cmsis_gcc.h **** #pragma GCC diagnostic ignored "-Wsign-conversion"
  31:Drivers/CMSIS/Include/cmsis_gcc.h **** #pragma GCC diagnostic ignored "-Wconversion"
  32:Drivers/CMSIS/Include/cmsis_gcc.h **** #pragma GCC diagnostic ignored "-Wunused-parameter"
  33:Drivers/CMSIS/Include/cmsis_gcc.h **** 
  34:Drivers/CMSIS/Include/cmsis_gcc.h **** /* Fallback for __has_builtin */
  35:Drivers/CMSIS/Include/cmsis_gcc.h **** #ifndef __has_builtin
  36:Drivers/CMSIS/Include/cmsis_gcc.h ****   #define __has_builtin(x) (0)
  37:Drivers/CMSIS/Include/cmsis_gcc.h **** #endif
  38:Drivers/CMSIS/Include/cmsis_gcc.h **** 
  39:Drivers/CMSIS/Include/cmsis_gcc.h **** /* CMSIS compiler specific defines */
  40:Drivers/CMSIS/Include/cmsis_gcc.h **** #ifndef   __ASM
  41:Drivers/CMSIS/Include/cmsis_gcc.h ****   #define __ASM                                  __asm
  42:Drivers/CMSIS/Include/cmsis_gcc.h **** #endif
  43:Drivers/CMSIS/Include/cmsis_gcc.h **** #ifndef   __INLINE
  44:Drivers/CMSIS/Include/cmsis_gcc.h ****   #define __INLINE                               inline
  45:Drivers/CMSIS/Include/cmsis_gcc.h **** #endif
  46:Drivers/CMSIS/Include/cmsis_gcc.h **** #ifndef   __STATIC_INLINE
  47:Drivers/CMSIS/Include/cmsis_gcc.h ****   #define __STATIC_INLINE                        static inline
  48:Drivers/CMSIS/Include/cmsis_gcc.h **** #endif
  49:Drivers/CMSIS/Include/cmsis_gcc.h **** #ifndef   __STATIC_FORCEINLINE                 
  50:Drivers/CMSIS/Include/cmsis_gcc.h ****   #define __STATIC_FORCEINLINE                   __attribute__((always_inline)) static inline
  51:Drivers/CMSIS/Include/cmsis_gcc.h **** #endif                                           
  52:Drivers/CMSIS/Include/cmsis_gcc.h **** #ifndef   __NO_RETURN
  53:Drivers/CMSIS/Include/cmsis_gcc.h ****   #define __NO_RETURN                            __attribute__((__noreturn__))
  54:Drivers/CMSIS/Include/cmsis_gcc.h **** #endif
  55:Drivers/CMSIS/Include/cmsis_gcc.h **** #ifndef   __USED
  56:Drivers/CMSIS/Include/cmsis_gcc.h ****   #define __USED                                 __attribute__((used))
  57:Drivers/CMSIS/Include/cmsis_gcc.h **** #endif
  58:Drivers/CMSIS/Include/cmsis_gcc.h **** #ifndef   __WEAK
  59:Drivers/CMSIS/Include/cmsis_gcc.h ****   #define __WEAK                                 __attribute__((weak))
  60:Drivers/CMSIS/Include/cmsis_gcc.h **** #endif
  61:Drivers/CMSIS/Include/cmsis_gcc.h **** #ifndef   __PACKED
  62:Drivers/CMSIS/Include/cmsis_gcc.h ****   #define __PACKED                               __attribute__((packed, aligned(1)))
  63:Drivers/CMSIS/Include/cmsis_gcc.h **** #endif
  64:Drivers/CMSIS/Include/cmsis_gcc.h **** #ifndef   __PACKED_STRUCT
  65:Drivers/CMSIS/Include/cmsis_gcc.h ****   #define __PACKED_STRUCT                        struct __attribute__((packed, aligned(1)))
  66:Drivers/CMSIS/Include/cmsis_gcc.h **** #endif
  67:Drivers/CMSIS/Include/cmsis_gcc.h **** #ifndef   __PACKED_UNION
  68:Drivers/CMSIS/Include/cmsis_gcc.h ****   #define __PACKED_UNION                         union __attribute__((packed, aligned(1)))
  69:Drivers/CMSIS/Include/cmsis_gcc.h **** #endif
  70:Drivers/CMSIS/Include/cmsis_gcc.h **** #ifndef   __UNALIGNED_UINT32        /* deprecated */
  71:Drivers/CMSIS/Include/cmsis_gcc.h ****   #pragma GCC diagnostic push
  72:Drivers/CMSIS/Include/cmsis_gcc.h ****   #pragma GCC diagnostic ignored "-Wpacked"
  73:Drivers/CMSIS/Include/cmsis_gcc.h ****   #pragma GCC diagnostic ignored "-Wattributes"
  74:Drivers/CMSIS/Include/cmsis_gcc.h ****   struct __attribute__((packed)) T_UINT32 { uint32_t v; };
  75:Drivers/CMSIS/Include/cmsis_gcc.h ****   #pragma GCC diagnostic pop
ARM GAS  C:\Users\Lenovo\AppData\Local\Temp\cc3v0M2K.s 			page 24


  76:Drivers/CMSIS/Include/cmsis_gcc.h ****   #define __UNALIGNED_UINT32(x)                  (((struct T_UINT32 *)(x))->v)
  77:Drivers/CMSIS/Include/cmsis_gcc.h **** #endif
  78:Drivers/CMSIS/Include/cmsis_gcc.h **** #ifndef   __UNALIGNED_UINT16_WRITE
  79:Drivers/CMSIS/Include/cmsis_gcc.h ****   #pragma GCC diagnostic push
  80:Drivers/CMSIS/Include/cmsis_gcc.h ****   #pragma GCC diagnostic ignored "-Wpacked"
  81:Drivers/CMSIS/Include/cmsis_gcc.h ****   #pragma GCC diagnostic ignored "-Wattributes"
  82:Drivers/CMSIS/Include/cmsis_gcc.h ****   __PACKED_STRUCT T_UINT16_WRITE { uint16_t v; };
  83:Drivers/CMSIS/Include/cmsis_gcc.h ****   #pragma GCC diagnostic pop
  84:Drivers/CMSIS/Include/cmsis_gcc.h ****   #define __UNALIGNED_UINT16_WRITE(addr, val)    (void)((((struct T_UINT16_WRITE *)(void *)(addr))-
  85:Drivers/CMSIS/Include/cmsis_gcc.h **** #endif
  86:Drivers/CMSIS/Include/cmsis_gcc.h **** #ifndef   __UNALIGNED_UINT16_READ
  87:Drivers/CMSIS/Include/cmsis_gcc.h ****   #pragma GCC diagnostic push
  88:Drivers/CMSIS/Include/cmsis_gcc.h ****   #pragma GCC diagnostic ignored "-Wpacked"
  89:Drivers/CMSIS/Include/cmsis_gcc.h ****   #pragma GCC diagnostic ignored "-Wattributes"
  90:Drivers/CMSIS/Include/cmsis_gcc.h ****   __PACKED_STRUCT T_UINT16_READ { uint16_t v; };
  91:Drivers/CMSIS/Include/cmsis_gcc.h ****   #pragma GCC diagnostic pop
  92:Drivers/CMSIS/Include/cmsis_gcc.h ****   #define __UNALIGNED_UINT16_READ(addr)          (((const struct T_UINT16_READ *)(const void *)(add
  93:Drivers/CMSIS/Include/cmsis_gcc.h **** #endif
  94:Drivers/CMSIS/Include/cmsis_gcc.h **** #ifndef   __UNALIGNED_UINT32_WRITE
  95:Drivers/CMSIS/Include/cmsis_gcc.h ****   #pragma GCC diagnostic push
  96:Drivers/CMSIS/Include/cmsis_gcc.h ****   #pragma GCC diagnostic ignored "-Wpacked"
  97:Drivers/CMSIS/Include/cmsis_gcc.h ****   #pragma GCC diagnostic ignored "-Wattributes"
  98:Drivers/CMSIS/Include/cmsis_gcc.h ****   __PACKED_STRUCT T_UINT32_WRITE { uint32_t v; };
  99:Drivers/CMSIS/Include/cmsis_gcc.h ****   #pragma GCC diagnostic pop
 100:Drivers/CMSIS/Include/cmsis_gcc.h ****   #define __UNALIGNED_UINT32_WRITE(addr, val)    (void)((((struct T_UINT32_WRITE *)(void *)(addr))-
 101:Drivers/CMSIS/Include/cmsis_gcc.h **** #endif
 102:Drivers/CMSIS/Include/cmsis_gcc.h **** #ifndef   __UNALIGNED_UINT32_READ
 103:Drivers/CMSIS/Include/cmsis_gcc.h ****   #pragma GCC diagnostic push
 104:Drivers/CMSIS/Include/cmsis_gcc.h ****   #pragma GCC diagnostic ignored "-Wpacked"
 105:Drivers/CMSIS/Include/cmsis_gcc.h ****   #pragma GCC diagnostic ignored "-Wattributes"
 106:Drivers/CMSIS/Include/cmsis_gcc.h ****   __PACKED_STRUCT T_UINT32_READ { uint32_t v; };
 107:Drivers/CMSIS/Include/cmsis_gcc.h ****   #pragma GCC diagnostic pop
 108:Drivers/CMSIS/Include/cmsis_gcc.h ****   #define __UNALIGNED_UINT32_READ(addr)          (((const struct T_UINT32_READ *)(const void *)(add
 109:Drivers/CMSIS/Include/cmsis_gcc.h **** #endif
 110:Drivers/CMSIS/Include/cmsis_gcc.h **** #ifndef   __ALIGNED
 111:Drivers/CMSIS/Include/cmsis_gcc.h ****   #define __ALIGNED(x)                           __attribute__((aligned(x)))
 112:Drivers/CMSIS/Include/cmsis_gcc.h **** #endif
 113:Drivers/CMSIS/Include/cmsis_gcc.h **** #ifndef   __RESTRICT
 114:Drivers/CMSIS/Include/cmsis_gcc.h ****   #define __RESTRICT                             __restrict
 115:Drivers/CMSIS/Include/cmsis_gcc.h **** #endif
 116:Drivers/CMSIS/Include/cmsis_gcc.h **** 
 117:Drivers/CMSIS/Include/cmsis_gcc.h **** 
 118:Drivers/CMSIS/Include/cmsis_gcc.h **** /* ###########################  Core Function Access  ########################### */
 119:Drivers/CMSIS/Include/cmsis_gcc.h **** /** \ingroup  CMSIS_Core_FunctionInterface
 120:Drivers/CMSIS/Include/cmsis_gcc.h ****     \defgroup CMSIS_Core_RegAccFunctions CMSIS Core Register Access Functions
 121:Drivers/CMSIS/Include/cmsis_gcc.h ****   @{
 122:Drivers/CMSIS/Include/cmsis_gcc.h ****  */
 123:Drivers/CMSIS/Include/cmsis_gcc.h **** 
 124:Drivers/CMSIS/Include/cmsis_gcc.h **** /**
 125:Drivers/CMSIS/Include/cmsis_gcc.h ****   \brief   Enable IRQ Interrupts
 126:Drivers/CMSIS/Include/cmsis_gcc.h ****   \details Enables IRQ interrupts by clearing the I-bit in the CPSR.
 127:Drivers/CMSIS/Include/cmsis_gcc.h ****            Can only be executed in Privileged modes.
 128:Drivers/CMSIS/Include/cmsis_gcc.h ****  */
 129:Drivers/CMSIS/Include/cmsis_gcc.h **** __STATIC_FORCEINLINE void __enable_irq(void)
 130:Drivers/CMSIS/Include/cmsis_gcc.h **** {
 131:Drivers/CMSIS/Include/cmsis_gcc.h ****   __ASM volatile ("cpsie i" : : : "memory");
 132:Drivers/CMSIS/Include/cmsis_gcc.h **** }
ARM GAS  C:\Users\Lenovo\AppData\Local\Temp\cc3v0M2K.s 			page 25


 133:Drivers/CMSIS/Include/cmsis_gcc.h **** 
 134:Drivers/CMSIS/Include/cmsis_gcc.h **** 
 135:Drivers/CMSIS/Include/cmsis_gcc.h **** /**
 136:Drivers/CMSIS/Include/cmsis_gcc.h ****   \brief   Disable IRQ Interrupts
 137:Drivers/CMSIS/Include/cmsis_gcc.h ****   \details Disables IRQ interrupts by setting the I-bit in the CPSR.
 138:Drivers/CMSIS/Include/cmsis_gcc.h ****            Can only be executed in Privileged modes.
 139:Drivers/CMSIS/Include/cmsis_gcc.h ****  */
 140:Drivers/CMSIS/Include/cmsis_gcc.h **** __STATIC_FORCEINLINE void __disable_irq(void)
 853              		.loc 2 140 27 view .LVU154
 854              	.LBB22:
 141:Drivers/CMSIS/Include/cmsis_gcc.h **** {
 142:Drivers/CMSIS/Include/cmsis_gcc.h ****   __ASM volatile ("cpsid i" : : : "memory");
 855              		.loc 2 142 3 view .LVU155
 856              		.syntax divided
 857              	@ 142 "Drivers/CMSIS/Include/cmsis_gcc.h" 1
 858 0000 72B6     		cpsid i
 859              	@ 0 "" 2
 860              		.thumb
 861              		.syntax unified
 862              	.L30:
 863              	.LBE22:
 864              	.LBE21:
 325:Core/Src/main.c ****   while (1)
 865              		.loc 1 325 3 view .LVU156
 326:Core/Src/main.c ****   {
 327:Core/Src/main.c ****   }
 866              		.loc 1 327 3 view .LVU157
 325:Core/Src/main.c ****   while (1)
 867              		.loc 1 325 9 view .LVU158
 868 0002 FEE7     		b	.L30
 869              		.cfi_endproc
 870              	.LFE45:
 872              		.section	.text.SystemClock_Config,"ax",%progbits
 873              		.align	1
 874              		.global	SystemClock_Config
 875              		.syntax unified
 876              		.code	16
 877              		.thumb_func
 879              	SystemClock_Config:
 880              	.LFB41:
 194:Core/Src/main.c ****   RCC_OscInitTypeDef RCC_OscInitStruct = {0};
 881              		.loc 1 194 1 view -0
 882              		.cfi_startproc
 883              		@ args = 0, pretend = 0, frame = 64
 884              		@ frame_needed = 0, uses_anonymous_args = 0
 885 0000 00B5     		push	{lr}
 886              	.LCFI8:
 887              		.cfi_def_cfa_offset 4
 888              		.cfi_offset 14, -4
 889 0002 91B0     		sub	sp, sp, #68
 890              	.LCFI9:
 891              		.cfi_def_cfa_offset 72
 195:Core/Src/main.c ****   RCC_ClkInitTypeDef RCC_ClkInitStruct = {0};
 892              		.loc 1 195 3 view .LVU160
 195:Core/Src/main.c ****   RCC_ClkInitTypeDef RCC_ClkInitStruct = {0};
 893              		.loc 1 195 22 is_stmt 0 view .LVU161
 894 0004 3022     		movs	r2, #48
ARM GAS  C:\Users\Lenovo\AppData\Local\Temp\cc3v0M2K.s 			page 26


 895 0006 0021     		movs	r1, #0
 896 0008 04A8     		add	r0, sp, #16
 897 000a FFF7FEFF 		bl	memset
 898              	.LVL66:
 196:Core/Src/main.c **** 
 899              		.loc 1 196 3 is_stmt 1 view .LVU162
 196:Core/Src/main.c **** 
 900              		.loc 1 196 22 is_stmt 0 view .LVU163
 901 000e 1022     		movs	r2, #16
 902 0010 0021     		movs	r1, #0
 903 0012 6846     		mov	r0, sp
 904 0014 FFF7FEFF 		bl	memset
 905              	.LVL67:
 201:Core/Src/main.c ****   RCC_OscInitStruct.HSIState = RCC_HSI_ON;
 906              		.loc 1 201 3 is_stmt 1 view .LVU164
 201:Core/Src/main.c ****   RCC_OscInitStruct.HSIState = RCC_HSI_ON;
 907              		.loc 1 201 36 is_stmt 0 view .LVU165
 908 0018 0223     		movs	r3, #2
 909 001a 0493     		str	r3, [sp, #16]
 202:Core/Src/main.c ****   RCC_OscInitStruct.HSICalibrationValue = RCC_HSICALIBRATION_DEFAULT;
 910              		.loc 1 202 3 is_stmt 1 view .LVU166
 202:Core/Src/main.c ****   RCC_OscInitStruct.HSICalibrationValue = RCC_HSICALIBRATION_DEFAULT;
 911              		.loc 1 202 30 is_stmt 0 view .LVU167
 912 001c 0122     		movs	r2, #1
 913 001e 0792     		str	r2, [sp, #28]
 203:Core/Src/main.c ****   RCC_OscInitStruct.PLL.PLLState = RCC_PLL_ON;
 914              		.loc 1 203 3 is_stmt 1 view .LVU168
 203:Core/Src/main.c ****   RCC_OscInitStruct.PLL.PLLState = RCC_PLL_ON;
 915              		.loc 1 203 41 is_stmt 0 view .LVU169
 916 0020 0F32     		adds	r2, r2, #15
 917 0022 0892     		str	r2, [sp, #32]
 204:Core/Src/main.c ****   RCC_OscInitStruct.PLL.PLLSource = RCC_PLLSOURCE_HSI;
 918              		.loc 1 204 3 is_stmt 1 view .LVU170
 204:Core/Src/main.c ****   RCC_OscInitStruct.PLL.PLLSource = RCC_PLLSOURCE_HSI;
 919              		.loc 1 204 34 is_stmt 0 view .LVU171
 920 0024 0C93     		str	r3, [sp, #48]
 205:Core/Src/main.c ****   RCC_OscInitStruct.PLL.PLLMUL = RCC_PLL_MUL12;
 921              		.loc 1 205 3 is_stmt 1 view .LVU172
 206:Core/Src/main.c ****   RCC_OscInitStruct.PLL.PREDIV = RCC_PREDIV_DIV1;
 922              		.loc 1 206 3 view .LVU173
 206:Core/Src/main.c ****   RCC_OscInitStruct.PLL.PREDIV = RCC_PREDIV_DIV1;
 923              		.loc 1 206 32 is_stmt 0 view .LVU174
 924 0026 A023     		movs	r3, #160
 925 0028 9B03     		lsls	r3, r3, #14
 926 002a 0E93     		str	r3, [sp, #56]
 207:Core/Src/main.c ****   if (HAL_RCC_OscConfig(&RCC_OscInitStruct) != HAL_OK)
 927              		.loc 1 207 3 is_stmt 1 view .LVU175
 208:Core/Src/main.c ****   {
 928              		.loc 1 208 3 view .LVU176
 208:Core/Src/main.c ****   {
 929              		.loc 1 208 7 is_stmt 0 view .LVU177
 930 002c 04A8     		add	r0, sp, #16
 931 002e FFF7FEFF 		bl	HAL_RCC_OscConfig
 932              	.LVL68:
 208:Core/Src/main.c ****   {
 933              		.loc 1 208 6 discriminator 1 view .LVU178
 934 0032 0028     		cmp	r0, #0
ARM GAS  C:\Users\Lenovo\AppData\Local\Temp\cc3v0M2K.s 			page 27


 935 0034 0ED1     		bne	.L34
 215:Core/Src/main.c ****                               |RCC_CLOCKTYPE_PCLK1;
 936              		.loc 1 215 3 is_stmt 1 view .LVU179
 215:Core/Src/main.c ****                               |RCC_CLOCKTYPE_PCLK1;
 937              		.loc 1 215 31 is_stmt 0 view .LVU180
 938 0036 0723     		movs	r3, #7
 939 0038 0093     		str	r3, [sp]
 217:Core/Src/main.c ****   RCC_ClkInitStruct.AHBCLKDivider = RCC_SYSCLK_DIV1;
 940              		.loc 1 217 3 is_stmt 1 view .LVU181
 217:Core/Src/main.c ****   RCC_ClkInitStruct.AHBCLKDivider = RCC_SYSCLK_DIV1;
 941              		.loc 1 217 34 is_stmt 0 view .LVU182
 942 003a 053B     		subs	r3, r3, #5
 943 003c 0193     		str	r3, [sp, #4]
 218:Core/Src/main.c ****   RCC_ClkInitStruct.APB1CLKDivider = RCC_HCLK_DIV1;
 944              		.loc 1 218 3 is_stmt 1 view .LVU183
 218:Core/Src/main.c ****   RCC_ClkInitStruct.APB1CLKDivider = RCC_HCLK_DIV1;
 945              		.loc 1 218 35 is_stmt 0 view .LVU184
 946 003e 0023     		movs	r3, #0
 947 0040 0293     		str	r3, [sp, #8]
 219:Core/Src/main.c **** 
 948              		.loc 1 219 3 is_stmt 1 view .LVU185
 219:Core/Src/main.c **** 
 949              		.loc 1 219 36 is_stmt 0 view .LVU186
 950 0042 0393     		str	r3, [sp, #12]
 221:Core/Src/main.c ****   {
 951              		.loc 1 221 3 is_stmt 1 view .LVU187
 221:Core/Src/main.c ****   {
 952              		.loc 1 221 7 is_stmt 0 view .LVU188
 953 0044 0121     		movs	r1, #1
 954 0046 6846     		mov	r0, sp
 955 0048 FFF7FEFF 		bl	HAL_RCC_ClockConfig
 956              	.LVL69:
 221:Core/Src/main.c ****   {
 957              		.loc 1 221 6 discriminator 1 view .LVU189
 958 004c 0028     		cmp	r0, #0
 959 004e 03D1     		bne	.L35
 225:Core/Src/main.c **** 
 960              		.loc 1 225 1 view .LVU190
 961 0050 11B0     		add	sp, sp, #68
 962              		@ sp needed
 963 0052 00BD     		pop	{pc}
 964              	.L34:
 210:Core/Src/main.c ****   }
 965              		.loc 1 210 5 is_stmt 1 view .LVU191
 966 0054 FFF7FEFF 		bl	Error_Handler
 967              	.LVL70:
 968              	.L35:
 223:Core/Src/main.c ****   }
 969              		.loc 1 223 5 view .LVU192
 970 0058 FFF7FEFF 		bl	Error_Handler
 971              	.LVL71:
 972              		.cfi_endproc
 973              	.LFE41:
 975              		.section	.text.main,"ax",%progbits
 976              		.align	1
 977              		.global	main
 978              		.syntax unified
ARM GAS  C:\Users\Lenovo\AppData\Local\Temp\cc3v0M2K.s 			page 28


 979              		.code	16
 980              		.thumb_func
 982              	main:
 983              	.LFB40:
  84:Core/Src/main.c **** 
 984              		.loc 1 84 1 view -0
 985              		.cfi_startproc
 986              		@ Volatile: function does not return.
 987              		@ args = 0, pretend = 0, frame = 0
 988              		@ frame_needed = 0, uses_anonymous_args = 0
 989 0000 F8B5     		push	{r3, r4, r5, r6, r7, lr}
 990              	.LCFI10:
 991              		.cfi_def_cfa_offset 24
 992              		.cfi_offset 3, -24
 993              		.cfi_offset 4, -20
 994              		.cfi_offset 5, -16
 995              		.cfi_offset 6, -12
 996              		.cfi_offset 7, -8
 997              		.cfi_offset 14, -4
  93:Core/Src/main.c **** 
 998              		.loc 1 93 3 view .LVU194
 999 0002 FFF7FEFF 		bl	HAL_Init
 1000              	.LVL72:
 100:Core/Src/main.c **** 
 1001              		.loc 1 100 3 view .LVU195
 1002 0006 FFF7FEFF 		bl	SystemClock_Config
 1003              	.LVL73:
 107:Core/Src/main.c ****   /* USER CODE BEGIN 2 */
 1004              		.loc 1 107 3 view .LVU196
 1005 000a FFF7FEFF 		bl	MX_GPIO_Init
 1006              	.LVL74:
 1007              	.L37:
 114:Core/Src/main.c ****   {
 1008              		.loc 1 114 3 view .LVU197
 171:Core/Src/main.c **** 		Dimension_val = image_dimension[4];
 1009              		.loc 1 171 3 view .LVU198
 171:Core/Src/main.c **** 		Dimension_val = image_dimension[4];
 1010              		.loc 1 171 22 is_stmt 0 view .LVU199
 1011 000e 184E     		ldr	r6, .L38
 1012 0010 3269     		ldr	r2, [r6, #16]
 171:Core/Src/main.c **** 		Dimension_val = image_dimension[4];
 1013              		.loc 1 171 12 view .LVU200
 1014 0012 184B     		ldr	r3, .L38+4
 1015 0014 1A60     		str	r2, [r3]
 172:Core/Src/main.c **** 		HAL_GPIO_WritePin(GPIOB, GPIO_PIN_0, GPIO_PIN_SET); // Turn on LED0 to signify the start of a com
 1016              		.loc 1 172 3 is_stmt 1 view .LVU201
 172:Core/Src/main.c **** 		HAL_GPIO_WritePin(GPIOB, GPIO_PIN_0, GPIO_PIN_SET); // Turn on LED0 to signify the start of a com
 1017              		.loc 1 172 34 is_stmt 0 view .LVU202
 1018 0016 184F     		ldr	r7, .L38+8
 1019 0018 3A69     		ldr	r2, [r7, #16]
 172:Core/Src/main.c **** 		HAL_GPIO_WritePin(GPIOB, GPIO_PIN_0, GPIO_PIN_SET); // Turn on LED0 to signify the start of a com
 1020              		.loc 1 172 17 view .LVU203
 1021 001a 184B     		ldr	r3, .L38+12
 1022 001c 1A60     		str	r2, [r3]
 173:Core/Src/main.c **** 		start_time = HAL_GetTick(); //Record start time
 1023              		.loc 1 173 3 is_stmt 1 view .LVU204
 1024 001e 184C     		ldr	r4, .L38+16
ARM GAS  C:\Users\Lenovo\AppData\Local\Temp\cc3v0M2K.s 			page 29


 1025 0020 0122     		movs	r2, #1
 1026 0022 0121     		movs	r1, #1
 1027 0024 2000     		movs	r0, r4
 1028 0026 FFF7FEFF 		bl	HAL_GPIO_WritePin
 1029              	.LVL75:
 174:Core/Src/main.c **** 		checksum = calculate_mandelbrot_double(image_dimension[4],
 1030              		.loc 1 174 3 view .LVU205
 174:Core/Src/main.c **** 		checksum = calculate_mandelbrot_double(image_dimension[4],
 1031              		.loc 1 174 16 is_stmt 0 view .LVU206
 1032 002a FFF7FEFF 		bl	HAL_GetTick
 1033              	.LVL76:
 174:Core/Src/main.c **** 		checksum = calculate_mandelbrot_double(image_dimension[4],
 1034              		.loc 1 174 14 discriminator 1 view .LVU207
 1035 002e 154D     		ldr	r5, .L38+20
 1036 0030 2860     		str	r0, [r5]
 175:Core/Src/main.c **** 				image_dimension[4], MAX_iter[4]); // Compute Mandelbrot
 1037              		.loc 1 175 3 is_stmt 1 view .LVU208
 175:Core/Src/main.c **** 				image_dimension[4], MAX_iter[4]); // Compute Mandelbrot
 1038              		.loc 1 175 14 is_stmt 0 view .LVU209
 1039 0032 3869     		ldr	r0, [r7, #16]
 1040 0034 3269     		ldr	r2, [r6, #16]
 1041 0036 0100     		movs	r1, r0
 1042 0038 FFF7FEFF 		bl	calculate_mandelbrot_double
 1043              	.LVL77:
 175:Core/Src/main.c **** 				image_dimension[4], MAX_iter[4]); // Compute Mandelbrot
 1044              		.loc 1 175 12 discriminator 1 view .LVU210
 1045 003c 124B     		ldr	r3, .L38+24
 1046 003e 1860     		str	r0, [r3]
 1047 0040 5960     		str	r1, [r3, #4]
 179:Core/Src/main.c **** 		execution_time = end_time - start_time;
 1048              		.loc 1 179 3 is_stmt 1 view .LVU211
 179:Core/Src/main.c **** 		execution_time = end_time - start_time;
 1049              		.loc 1 179 14 is_stmt 0 view .LVU212
 1050 0042 FFF7FEFF 		bl	HAL_GetTick
 1051              	.LVL78:
 179:Core/Src/main.c **** 		execution_time = end_time - start_time;
 1052              		.loc 1 179 12 discriminator 1 view .LVU213
 1053 0046 114B     		ldr	r3, .L38+28
 1054 0048 1860     		str	r0, [r3]
 180:Core/Src/main.c **** 
 1055              		.loc 1 180 3 is_stmt 1 view .LVU214
 180:Core/Src/main.c **** 
 1056              		.loc 1 180 29 is_stmt 0 view .LVU215
 1057 004a 2B68     		ldr	r3, [r5]
 1058 004c C01A     		subs	r0, r0, r3
 180:Core/Src/main.c **** 
 1059              		.loc 1 180 18 view .LVU216
 1060 004e 104B     		ldr	r3, .L38+32
 1061 0050 1860     		str	r0, [r3]
 182:Core/Src/main.c **** 		HAL_Delay(1000);
 1062              		.loc 1 182 3 is_stmt 1 view .LVU217
 1063 0052 0122     		movs	r2, #1
 1064 0054 0221     		movs	r1, #2
 1065 0056 2000     		movs	r0, r4
 1066 0058 FFF7FEFF 		bl	HAL_GPIO_WritePin
 1067              	.LVL79:
 183:Core/Src/main.c **** 		HAL_GPIO_WritePin(GPIOB, GPIO_PIN_0 | GPIO_PIN_1, GPIO_PIN_RESET); // reset LEDS for next cycle
ARM GAS  C:\Users\Lenovo\AppData\Local\Temp\cc3v0M2K.s 			page 30


 1068              		.loc 1 183 3 view .LVU218
 1069 005c FA20     		movs	r0, #250
 1070 005e 8000     		lsls	r0, r0, #2
 1071 0060 FFF7FEFF 		bl	HAL_Delay
 1072              	.LVL80:
 184:Core/Src/main.c **** 	}
 1073              		.loc 1 184 3 discriminator 1 view .LVU219
 1074 0064 0022     		movs	r2, #0
 1075 0066 0321     		movs	r1, #3
 1076 0068 2000     		movs	r0, r4
 1077 006a FFF7FEFF 		bl	HAL_GPIO_WritePin
 1078              	.LVL81:
 114:Core/Src/main.c ****   {
 1079              		.loc 1 114 9 view .LVU220
 1080 006e CEE7     		b	.L37
 1081              	.L39:
 1082              		.align	2
 1083              	.L38:
 1084 0070 00000000 		.word	MAX_iter
 1085 0074 00000000 		.word	Iter_val
 1086 0078 00000000 		.word	image_dimension
 1087 007c 00000000 		.word	Dimension_val
 1088 0080 00040048 		.word	1207960576
 1089 0084 00000000 		.word	start_time
 1090 0088 00000000 		.word	checksum
 1091 008c 00000000 		.word	end_time
 1092 0090 00000000 		.word	execution_time
 1093              		.cfi_endproc
 1094              	.LFE40:
 1096              		.global	Iter_val
 1097              		.section	.bss.Iter_val,"aw",%nobits
 1098              		.align	2
 1101              	Iter_val:
 1102 0000 00000000 		.space	4
 1103              		.global	Dimension_val
 1104              		.section	.bss.Dimension_val,"aw",%nobits
 1105              		.align	2
 1108              	Dimension_val:
 1109 0000 00000000 		.space	4
 1110              		.global	MAX_iter
 1111              		.section	.data.MAX_iter,"aw"
 1112              		.align	2
 1115              	MAX_iter:
 1116 0000 64000000 		.word	100
 1117 0004 FA000000 		.word	250
 1118 0008 F4010000 		.word	500
 1119 000c EE020000 		.word	750
 1120 0010 E8030000 		.word	1000
 1121              		.global	state
 1122              		.section	.bss.state,"aw",%nobits
 1125              	state:
 1126 0000 00       		.space	1
 1127              		.global	run_Count
 1128              		.section	.bss.run_Count,"aw",%nobits
 1129              		.align	2
 1132              	run_Count:
 1133 0000 00000000 		.space	4
ARM GAS  C:\Users\Lenovo\AppData\Local\Temp\cc3v0M2K.s 			page 31


 1134              		.global	image_dimension
 1135              		.section	.data.image_dimension,"aw"
 1136              		.align	2
 1139              	image_dimension:
 1140 0000 80000000 		.word	128
 1141 0004 A0000000 		.word	160
 1142 0008 C0000000 		.word	192
 1143 000c E0000000 		.word	224
 1144 0010 00010000 		.word	256
 1145              		.global	checksum
 1146              		.section	.bss.checksum,"aw",%nobits
 1147              		.align	3
 1150              	checksum:
 1151 0000 00000000 		.space	8
 1151      00000000 
 1152              		.global	execution_time
 1153              		.section	.bss.execution_time,"aw",%nobits
 1154              		.align	2
 1157              	execution_time:
 1158 0000 00000000 		.space	4
 1159              		.global	end_time
 1160              		.section	.bss.end_time,"aw",%nobits
 1161              		.align	2
 1164              	end_time:
 1165 0000 00000000 		.space	4
 1166              		.global	start_time
 1167              		.section	.bss.start_time,"aw",%nobits
 1168              		.align	2
 1171              	start_time:
 1172 0000 00000000 		.space	4
 1173              		.text
 1174              	.Letext0:
 1175              		.file 3 "C:\\ST\\STM32CubeIDE_1.19.0\\STM32CubeIDE\\plugins\\com.st.stm32cube.ide.mcu.externaltool
 1176              		.file 4 "C:\\ST\\STM32CubeIDE_1.19.0\\STM32CubeIDE\\plugins\\com.st.stm32cube.ide.mcu.externaltool
 1177              		.file 5 "Drivers/CMSIS/Device/ST/STM32F0xx/Include/stm32f051x8.h"
 1178              		.file 6 "Drivers/STM32F0xx_HAL_Driver/Inc/stm32f0xx_hal_def.h"
 1179              		.file 7 "Drivers/STM32F0xx_HAL_Driver/Inc/stm32f0xx_hal_rcc.h"
 1180              		.file 8 "Drivers/STM32F0xx_HAL_Driver/Inc/stm32f0xx_hal_gpio.h"
 1181              		.file 9 "Drivers/STM32F0xx_HAL_Driver/Inc/stm32f0xx_hal.h"
 1182              		.file 10 "<built-in>"
ARM GAS  C:\Users\Lenovo\AppData\Local\Temp\cc3v0M2K.s 			page 32


DEFINED SYMBOLS
                            *ABS*:00000000 main.c
C:\Users\Lenovo\AppData\Local\Temp\cc3v0M2K.s:19     .text.MX_GPIO_Init:00000000 $t
C:\Users\Lenovo\AppData\Local\Temp\cc3v0M2K.s:24     .text.MX_GPIO_Init:00000000 MX_GPIO_Init
C:\Users\Lenovo\AppData\Local\Temp\cc3v0M2K.s:131    .text.MX_GPIO_Init:0000006c $d
C:\Users\Lenovo\AppData\Local\Temp\cc3v0M2K.s:139    .text.calculate_mandelbrot_fixed_point_arithmetic:00000000 $t
C:\Users\Lenovo\AppData\Local\Temp\cc3v0M2K.s:145    .text.calculate_mandelbrot_fixed_point_arithmetic:00000000 calculate_mandelbrot_fixed_point_arithmetic
C:\Users\Lenovo\AppData\Local\Temp\cc3v0M2K.s:501    .text.calculate_mandelbrot_fixed_point_arithmetic:000001d4 $d
C:\Users\Lenovo\AppData\Local\Temp\cc3v0M2K.s:513    .text.calculate_mandelbrot_double:00000000 $t
C:\Users\Lenovo\AppData\Local\Temp\cc3v0M2K.s:519    .text.calculate_mandelbrot_double:00000000 calculate_mandelbrot_double
C:\Users\Lenovo\AppData\Local\Temp\cc3v0M2K.s:827    .text.calculate_mandelbrot_double:0000016c $d
C:\Users\Lenovo\AppData\Local\Temp\cc3v0M2K.s:835    .text.Error_Handler:00000000 $t
C:\Users\Lenovo\AppData\Local\Temp\cc3v0M2K.s:841    .text.Error_Handler:00000000 Error_Handler
C:\Users\Lenovo\AppData\Local\Temp\cc3v0M2K.s:873    .text.SystemClock_Config:00000000 $t
C:\Users\Lenovo\AppData\Local\Temp\cc3v0M2K.s:879    .text.SystemClock_Config:00000000 SystemClock_Config
C:\Users\Lenovo\AppData\Local\Temp\cc3v0M2K.s:976    .text.main:00000000 $t
C:\Users\Lenovo\AppData\Local\Temp\cc3v0M2K.s:982    .text.main:00000000 main
C:\Users\Lenovo\AppData\Local\Temp\cc3v0M2K.s:1084   .text.main:00000070 $d
C:\Users\Lenovo\AppData\Local\Temp\cc3v0M2K.s:1115   .data.MAX_iter:00000000 MAX_iter
C:\Users\Lenovo\AppData\Local\Temp\cc3v0M2K.s:1101   .bss.Iter_val:00000000 Iter_val
C:\Users\Lenovo\AppData\Local\Temp\cc3v0M2K.s:1139   .data.image_dimension:00000000 image_dimension
C:\Users\Lenovo\AppData\Local\Temp\cc3v0M2K.s:1108   .bss.Dimension_val:00000000 Dimension_val
C:\Users\Lenovo\AppData\Local\Temp\cc3v0M2K.s:1171   .bss.start_time:00000000 start_time
C:\Users\Lenovo\AppData\Local\Temp\cc3v0M2K.s:1150   .bss.checksum:00000000 checksum
C:\Users\Lenovo\AppData\Local\Temp\cc3v0M2K.s:1164   .bss.end_time:00000000 end_time
C:\Users\Lenovo\AppData\Local\Temp\cc3v0M2K.s:1157   .bss.execution_time:00000000 execution_time
C:\Users\Lenovo\AppData\Local\Temp\cc3v0M2K.s:1098   .bss.Iter_val:00000000 $d
C:\Users\Lenovo\AppData\Local\Temp\cc3v0M2K.s:1105   .bss.Dimension_val:00000000 $d
C:\Users\Lenovo\AppData\Local\Temp\cc3v0M2K.s:1112   .data.MAX_iter:00000000 $d
C:\Users\Lenovo\AppData\Local\Temp\cc3v0M2K.s:1125   .bss.state:00000000 state
C:\Users\Lenovo\AppData\Local\Temp\cc3v0M2K.s:1126   .bss.state:00000000 $d
C:\Users\Lenovo\AppData\Local\Temp\cc3v0M2K.s:1132   .bss.run_Count:00000000 run_Count
C:\Users\Lenovo\AppData\Local\Temp\cc3v0M2K.s:1129   .bss.run_Count:00000000 $d
C:\Users\Lenovo\AppData\Local\Temp\cc3v0M2K.s:1136   .data.image_dimension:00000000 $d
C:\Users\Lenovo\AppData\Local\Temp\cc3v0M2K.s:1147   .bss.checksum:00000000 $d
C:\Users\Lenovo\AppData\Local\Temp\cc3v0M2K.s:1154   .bss.execution_time:00000000 $d
C:\Users\Lenovo\AppData\Local\Temp\cc3v0M2K.s:1161   .bss.end_time:00000000 $d
C:\Users\Lenovo\AppData\Local\Temp\cc3v0M2K.s:1168   .bss.start_time:00000000 $d

UNDEFINED SYMBOLS
memset
HAL_GPIO_WritePin
HAL_GPIO_Init
__aeabi_ldivmod
__aeabi_lmul
__aeabi_i2d
__aeabi_ddiv
__aeabi_dmul
__aeabi_dsub
__aeabi_dadd
__aeabi_dcmple
HAL_RCC_OscConfig
HAL_RCC_ClockConfig
HAL_Init
HAL_GetTick
HAL_Delay
